Component: ARM Compiler 5.06 update 1 (build 61) Tool: armlink [4d35a8]

==============================================================================

Section Cross References

    main.o(.text) refers to delay.o(.text) for delay_init
    main.o(.text) refers to sys_1.o(.text) for JTAG_Set
    main.o(.text) refers to led.o(.text) for LED_Init
    main.o(.text) refers to key.o(.text) for KEY_Init
    main.o(.text) refers to motor.o(.text) for MiniBalance_PWM_Init
    main.o(.text) refers to oled.o(.text) for OLED_Init
    main.o(.text) refers to encoder.o(.text) for Encoder_Init_TIM2
    main.o(.text) refers to mpu9250.o(.text) for MPU9250_Init
    main.o(.text) refers to uart.o(.text) for usart1_init
    main.o(.text) refers to pstwo.o(.text) for PS2_Init
    main.o(.text) refers to timer.o(.text) for TIM6_Int_Init
    main.o(.text) refers to main.o(.data) for Flag_Way
    system_stm32f10x.o(.text) refers to system_stm32f10x.o(.data) for SystemCoreClock
    startup_stm32f10x_hd.o(RESET) refers to startup_stm32f10x_hd.o(STACK) for __initial_sp
    startup_stm32f10x_hd.o(RESET) refers to startup_stm32f10x_hd.o(.text) for Reset_Handler
    startup_stm32f10x_hd.o(RESET) refers to stm32f10x_it.o(.text) for NMI_Handler
    startup_stm32f10x_hd.o(RESET) refers to encoder.o(.text) for TIM2_IRQHandler
    startup_stm32f10x_hd.o(RESET) refers to uart.o(.text) for USART1_IRQHandler
    startup_stm32f10x_hd.o(RESET) refers to control.o(.text) for TIM6_IRQHandler
    startup_stm32f10x_hd.o(.text) refers to system_stm32f10x.o(.text) for SystemInit
    startup_stm32f10x_hd.o(.text) refers to entry.o(.ARM.Collect$$$$00000000) for __main
    stm32f10x_adc.o(.text) refers to stm32f10x_rcc.o(.text) for RCC_APB2PeriphResetCmd
    stm32f10x_bkp.o(.text) refers to stm32f10x_rcc.o(.text) for RCC_BackupResetCmd
    stm32f10x_can.o(.text) refers to stm32f10x_rcc.o(.text) for RCC_APB1PeriphResetCmd
    stm32f10x_cec.o(.text) refers to stm32f10x_rcc.o(.text) for RCC_APB1PeriphResetCmd
    stm32f10x_dac.o(.text) refers to stm32f10x_rcc.o(.text) for RCC_APB1PeriphResetCmd
    stm32f10x_gpio.o(.text) refers to stm32f10x_rcc.o(.text) for RCC_APB2PeriphResetCmd
    stm32f10x_i2c.o(.text) refers to stm32f10x_rcc.o(.text) for RCC_APB1PeriphResetCmd
    stm32f10x_pwr.o(.text) refers to stm32f10x_rcc.o(.text) for RCC_APB1PeriphResetCmd
    stm32f10x_rcc.o(.text) refers to stm32f10x_rcc.o(.data) for APBAHBPrescTable
    stm32f10x_spi.o(.text) refers to stm32f10x_rcc.o(.text) for RCC_APB2PeriphResetCmd
    stm32f10x_tim.o(.text) refers to stm32f10x_rcc.o(.text) for RCC_APB2PeriphResetCmd
    stm32f10x_usart.o(.text) refers to stm32f10x_rcc.o(.text) for RCC_APB2PeriphResetCmd
    stm32f10x_wwdg.o(.text) refers to stm32f10x_rcc.o(.text) for RCC_APB1PeriphResetCmd
    delay.o(.text) refers to misc.o(.text) for SysTick_CLKSourceConfig
    delay.o(.text) refers to system_stm32f10x.o(.data) for SystemCoreClock
    delay.o(.text) refers to delay.o(.data) for fac_us
    sys_1.o(.text) refers to sys_1.o(.emb_text) for WFI_SET
    myiic.o(.text) refers to stm32f10x_rcc.o(.text) for RCC_APB2PeriphClockCmd
    myiic.o(.text) refers to stm32f10x_gpio.o(.text) for GPIO_Init
    myiic.o(.text) refers to delay.o(.text) for delay_us
    led.o(.text) refers to stm32f10x_rcc.o(.text) for RCC_APB2PeriphClockCmd
    led.o(.text) refers to stm32f10x_gpio.o(.text) for GPIO_Init
    led.o(.text) refers to led.o(.data) for temp
    key.o(.text) refers to stm32f10x_rcc.o(.text) for RCC_APB2PeriphClockCmd
    key.o(.text) refers to stm32f10x_gpio.o(.text) for GPIO_Init
    key.o(.text) refers to key.o(.data) for Forever_count
    oled.o(.text) refers to stm32f10x_rcc.o(.text) for RCC_APB2PeriphClockCmd
    oled.o(.text) refers to stm32f10x_gpio.o(.text) for GPIO_Init
    oled.o(.text) refers to stm32f10x_pwr.o(.text) for PWR_BackupAccessCmd
    oled.o(.text) refers to stm32f10x_bkp.o(.text) for BKP_TamperPinCmd
    oled.o(.text) refers to delay.o(.text) for delay_ms
    oled.o(.text) refers to oled.o(.bss) for OLED_GRAM
    oled.o(.text) refers to oled.o(.constdata) for oled_asc2_1206
    timer.o(.text) refers to stm32f10x_rcc.o(.text) for RCC_APB1PeriphClockCmd
    timer.o(.text) refers to stm32f10x_tim.o(.text) for TIM_TimeBaseInit
    timer.o(.text) refers to misc.o(.text) for NVIC_Init
    timer.o(.text) refers to stm32f10x_gpio.o(.text) for GPIO_Init
    motor.o(.text) refers to stm32f10x_rcc.o(.text) for RCC_APB2PeriphClockCmd
    motor.o(.text) refers to stm32f10x_gpio.o(.text) for GPIO_Init
    motor.o(.text) refers to stm32f10x_tim.o(.text) for TIM_TimeBaseInit
    exti.o(.text) refers to stm32f10x_rcc.o(.text) for RCC_APB2PeriphClockCmd
    exti.o(.text) refers to stm32f10x_gpio.o(.text) for GPIO_Init
    exti.o(.text) refers to stm32f10x_exti.o(.text) for EXTI_Init
    exti.o(.text) refers to misc.o(.text) for NVIC_Init
    pstwo.o(.text) refers to stm32f10x_rcc.o(.text) for RCC_APB2PeriphClockCmd
[...]
    fdiv.o(.text) refers to fepilogue.o(.text) for _float_round
    dadd.o(.text) refers (Special) to iusefp.o(.text) for __I$use$fp
    dadd.o(.text) refers to llshl.o(.text) for __aeabi_llsl
    dadd.o(.text) refers to llsshr.o(.text) for __aeabi_lasr
    dadd.o(.text) refers to depilogue.o(.text) for _double_epilogue
    dmul.o(.text) refers (Special) to iusefp.o(.text) for __I$use$fp
    dmul.o(.text) refers to depilogue.o(.text) for _double_epilogue
    ddiv.o(.text) refers (Special) to iusefp.o(.text) for __I$use$fp
    ddiv.o(.text) refers to depilogue.o(.text) for _double_round
    fflti.o(.text) refers (Special) to iusefp.o(.text) for __I$use$fp
    fflti.o(.text) refers to fepilogue.o(.text) for _float_epilogue
    ffltui.o(.text) refers (Special) to iusefp.o(.text) for __I$use$fp
    ffltui.o(.text) refers to fepilogue.o(.text) for _float_epilogue
    ffixi.o(.text) refers (Special) to iusefp.o(.text) for __I$use$fp
    dfixi.o(.text) refers (Special) to iusefp.o(.text) for __I$use$fp
    dfixi.o(.text) refers to llushr.o(.text) for __aeabi_llsr
    f2d.o(.text) refers (Special) to iusefp.o(.text) for __I$use$fp
    d2f.o(.text) refers (Special) to iusefp.o(.text) for __I$use$fp
    d2f.o(.text) refers to fepilogue.o(.text) for _float_round
    cfcmple.o(.text) refers (Special) to iusefp.o(.text) for __I$use$fp
    cfrcmple.o(.text) refers (Special) to iusefp.o(.text) for __I$use$fp
    dunder.o(i.__mathlib_dbl_divzero) refers to ddiv.o(.text) for __aeabi_ddiv
    dunder.o(i.__mathlib_dbl_infnan) refers to dscalb.o(.text) for __ARM_scalbn
    dunder.o(i.__mathlib_dbl_infnan2) refers to dadd.o(.text) for __aeabi_dadd
    dunder.o(i.__mathlib_dbl_invalid) refers to ddiv.o(.text) for __aeabi_ddiv
    dunder.o(i.__mathlib_dbl_overflow) refers to dscalb.o(.text) for __ARM_scalbn
    dunder.o(i.__mathlib_dbl_posinfnan) refers to dmul.o(.text) for __aeabi_dmul
    dunder.o(i.__mathlib_dbl_underflow) refers to dscalb.o(.text) for __ARM_scalbn
    rred.o(i.__ieee754_rem_pio2) refers (Special) to iusefp.o(.text) for __I$use$fp
    rred.o(i.__ieee754_rem_pio2) refers to dadd.o(.text) for __aeabi_dsub
    rred.o(i.__ieee754_rem_pio2) refers to dmul.o(.text) for __aeabi_dmul
    rred.o(i.__ieee754_rem_pio2) refers to dfixi.o(.text) for __aeabi_d2iz
    rred.o(i.__ieee754_rem_pio2) refers to dflti.o(.text) for __aeabi_i2d
    rred.o(i.__ieee754_rem_pio2) refers to dfltui.o(.text) for __aeabi_ui2d
    rred.o(i.__ieee754_rem_pio2) refers to dscalb.o(.text) for __ARM_scalbn
    rred.o(i.__ieee754_rem_pio2) refers to rred.o(.constdata) for .constdata
    rred.o(i.__use_accurate_range_reduction) refers (Special) to iusefp.o(.text) for __I$use$fp
    rred.o(.constdata) refers (Special) to iusefp.o(.text) for __I$use$fp
    tan_i.o(i.__kernel_tan) refers (Special) to iusefp.o(.text) for __I$use$fp
    tan_i.o(i.__kernel_tan) refers to dfixi.o(.text) for __aeabi_d2iz
    tan_i.o(i.__kernel_tan) refers to dadd.o(.text) for __aeabi_drsub
    tan_i.o(i.__kernel_tan) refers to dmul.o(.text) for __aeabi_dmul
    tan_i.o(i.__kernel_tan) refers to poly.o(i.__kernel_poly) for __kernel_poly
    tan_i.o(i.__kernel_tan) refers to dflti.o(.text) for __aeabi_i2d
    tan_i.o(i.__kernel_tan) refers to ddiv.o(.text) for __aeabi_ddiv
    tan_i.o(i.__kernel_tan) refers to dscalb.o(.text) for __ARM_scalbn
    tan_i.o(i.__kernel_tan) refers to fpclassify.o(i.__ARM_fpclassify) for __ARM_fpclassify
    tan_i.o(i.__kernel_tan) refers to dunder.o(i.__mathlib_dbl_underflow) for __mathlib_dbl_underflow
    tan_i.o(i.__kernel_tan) refers to tan_i.o(.constdata) for .constdata
    tan_i.o(.constdata) refers (Special) to iusefp.o(.text) for __I$use$fp
    tan_i_x.o(i.____kernel_tan$lsc) refers (Special) to iusefp.o(.text) for __I$use$fp
    tan_i_x.o(i.____kernel_tan$lsc) refers to dfixi.o(.text) for __aeabi_d2iz
    tan_i_x.o(i.____kernel_tan$lsc) refers to dadd.o(.text) for __aeabi_drsub
    tan_i_x.o(i.____kernel_tan$lsc) refers to dmul.o(.text) for __aeabi_dmul
    tan_i_x.o(i.____kernel_tan$lsc) refers to poly.o(i.__kernel_poly) for __kernel_poly
    tan_i_x.o(i.____kernel_tan$lsc) refers to dflti.o(.text) for __aeabi_i2d
    tan_i_x.o(i.____kernel_tan$lsc) refers to ddiv.o(.text) for __aeabi_ddiv
    tan_i_x.o(i.____kernel_tan$lsc) refers to dscalb.o(.text) for __ARM_scalbn
    tan_i_x.o(i.____kernel_tan$lsc) refers to tan_i_x.o(.constdata) for .constdata
    tan_i_x.o(.constdata) refers (Special) to iusefp.o(.text) for __I$use$fp
    entry2.o(.ARM.Collect$$$$00000001) refers to entry2.o(.ARM.Collect$$$$00002712) for __lit__00000000
    entry2.o(.ARM.Collect$$$$00002712) refers to startup_stm32f10x_hd.o(STACK) for __initial_sp
    entry2.o(__vectab_stack_and_reset_area) refers to startup_stm32f10x_hd.o(STACK) for __initial_sp
    entry2.o(__vectab_stack_and_reset_area) refers to entry.o(.ARM.Collect$$$$00000000) for __main
    entry5.o(.ARM.Collect$$$$00000004) refers to init.o(.text) for __scatterload
    entry9a.o(.ARM.Collect$$$$0000000B) refers to main.o(.text) for main
    entry9b.o(.ARM.Collect$$$$0000000C) refers to main.o(.text) for main
    errno.o(i.__aeabi_errno_addr) refers to errno.o(.data) for .data
    errno.o(i.__read_errno) refers to errno.o(.data) for .data
    errno.o(i.__set_errno) refers to errno.o(.data) for .data
    depilogue.o(.text) refers to llshl.o(.text) for __aeabi_llsl
    depilogue.o(.text) refers to llushr.o(.text) for __aeabi_llsr
    fpclassify.o(i.__ARM_fpclassify) refers (Special) to iusefp.o(.text) for __I$use$fp
    poly.o(i.__kernel_poly) refers (Special) to iusefp.o(.text) for __I$use$fp
    poly.o(i.__kernel_poly) refers to dmul.o(.text) for __aeabi_dmul
    poly.o(i.__kernel_poly) refers to dadd.o(.text) for __aeabi_dadd
    init.o(.text) refers to entry5.o(.ARM.Collect$$$$00000004) for __main_after_scatterload
    dflti.o(.text) refers to depilogue.o(.text) for _double_epilogue
    dfltui.o(.text) refers to depilogue.o(.text) for _double_epilogue


==============================================================================

Removing Unused input sections from the image.

    Removing core_cm3.o(.emb_text), (32 bytes).
    Removing startup_stm32f10x_hd.o(HEAP), (512 bytes).
    Removing stm32f10x_adc.o(.text), (1102 bytes).
    Removing stm32f10x_can.o(.text), (2544 bytes).
    Removing stm32f10x_cec.o(.text), (288 bytes).
    Removing stm32f10x_crc.o(.text), (72 bytes).
    Removing stm32f10x_dac.o(.text), (396 bytes).
    Removing stm32f10x_dbgmcu.o(.text), (48 bytes).
    Removing stm32f10x_dma.o(.text), (596 bytes).
    Removing stm32f10x_exti.o(.text), (284 bytes).
    Removing stm32f10x_flash.o(.text), (1468 bytes).
    Removing stm32f10x_fsmc.o(.text), (1548 bytes).
    Removing stm32f10x_i2c.o(.text), (1028 bytes).
    Removing stm32f10x_iwdg.o(.text), (64 bytes).
    Removing stm32f10x_rtc.o(.text), (328 bytes).
    Removing stm32f10x_sdio.o(.text), (468 bytes).
    Removing stm32f10x_spi.o(.text), (780 bytes).
    Removing stm32f10x_wwdg.o(.text), (136 bytes).
    Removing timer.o(.data), (16 bytes).
    Removing exti.o(.text), (112 bytes).
    Removing dma.o(.text), (212 bytes).
    Removing dma.o(.bss), (8244 bytes).
    Removing dma.o(.data), (2 bytes).
    Removing show.o(.data), (8 bytes).
    Removing datascope_dp.o(.text), (340 bytes).
    Removing datascope_dp.o(.bss), (42 bytes).
    Removing filter.o(.text), (636 bytes).
    Removing filter.o(.bss), (16 bytes).
    Removing filter.o(.data), (84 bytes).
    Removing fdiv.o(.text), (124 bytes).
    Removing ffltui.o(.text), (10 bytes).

31 unused section(s) (total 21540 bytes) removed from the image.

==============================================================================

Image Symbol Table

    Local Symbols

    Symbol Name                              Value     Ov Type        Size  Object(Section)

    ../clib/../cmprslib/zerorunl2.c          0x00000000   Number         0  __dczerorl2.o ABSOLUTE
    ../clib/microlib/errno.c                 0x00000000   Number         0  errno.o ABSOLUTE
    ../clib/microlib/init/entry.s            0x00000000   Number         0  entry11a.o ABSOLUTE
    ../clib/microlib/init/entry.s            0x00000000   Number         0  entry11b.o ABSOLUTE
    ../clib/microlib/init/entry.s            0x00000000   Number         0  entry7a.o ABSOLUTE
    ../clib/microlib/init/entry.s            0x00000000   Number         0  entry10b.o ABSOLUTE
    ../clib/microlib/init/entry.s            0x00000000   Number         0  entry10a.o ABSOLUTE
    ../clib/microlib/init/entry.s            0x00000000   Number         0  entry9b.o ABSOLUTE
    ../clib/microlib/init/entry.s            0x00000000   Number         0  entry9a.o ABSOLUTE
    ../clib/microlib/init/entry.s            0x00000000   Number         0  entry8b.o ABSOLUTE
    ../clib/microlib/init/entry.s            0x00000000   Number         0  entry8a.o ABSOLUTE
    ../clib/microlib/init/entry.s            0x00000000   Number         0  entry5.o ABSOLUTE
    ../clib/microlib/init/entry.s            0x00000000   Number         0  entry7b.o ABSOLUTE
    ../clib/microlib/init/entry.s            0x00000000   Number         0  entry2.o ABSOLUTE
    ../clib/microlib/init/entry.s            0x00000000   Number         0  entry.o ABSOLUTE
    ../clib/microlib/longlong.c              0x00000000   Number         0  llushr.o ABSOLUTE
    ../clib/microlib/longlong.c              0x00000000   Number         0  llshl.o ABSOLUTE
    ../clib/microlib/longlong.c              0x00000000   Number         0  llsshr.o ABSOLUTE
    ../clib/microlib/string/memset.c         0x00000000   Number         0  memseta.o ABSOLUTE
    ../clib/microlib/stubs.s                 0x00000000   Number         0  iusefp.o ABSOLUTE
    ../fplib/microlib/d2f.c                  0x00000000   Number         0  d2f.o ABSOLUTE
    ../fplib/microlib/f2d.c                  0x00000000   Number         0  f2d.o ABSOLUTE
    ../fplib/microlib/fpadd.c                0x00000000   Number         0  fadd.o ABSOLUTE
    ../fplib/microlib/fpadd.c                0x00000000   Number         0  dadd.o ABSOLUTE
    ../fplib/microlib/fpdiv.c                0x00000000   Number         0  ddiv.o ABSOLUTE
    ../fplib/microlib/fpdiv.c                0x00000000   Number         0  fdiv.o ABSOLUTE
    ../fplib/microlib/fpepilogue.c           0x00000000   Number         0  depilogue.o ABSOLUTE
    ../fplib/microlib/fpepilogue.c           0x00000000   Number         0  fepilogue.o ABSOLUTE
    ../fplib/microlib/fpfix.c                0x00000000   Number         0  dfixi.o ABSOLUTE
    ../fplib/microlib/fpfix.c                0x00000000   Number         0  ffixi.o ABSOLUTE
    ../fplib/microlib/fpflt.c                0x00000000   Number         0  ffltui.o ABSOLUTE
    ../fplib/microlib/fpflt.c                0x00000000   Number         0  dfltui.o ABSOLUTE
    ../fplib/microlib/fpflt.c                0x00000000   Number         0  fflti.o ABSOLUTE
    ../fplib/microlib/fpflt.c                0x00000000   Number         0  dflti.o ABSOLUTE
    ../fplib/microlib/fpmul.c                0x00000000   Number         0  fmul.o ABSOLUTE
    ../fplib/microlib/fpmul.c                0x00000000   Number         0  dmul.o ABSOLUTE
    ../fplib/microlib/fpscalb.c              0x00000000   Number         0  dscalb.o ABSOLUTE
    ../mathlib/dunder.c                      0x00000000   Number         0  dunder.o ABSOLUTE
    ../mathlib/fpclassify.c                  0x00000000   Number         0  fpclassify.o ABSOLUTE
    ../mathlib/poly.c                        0x00000000   Number         0  poly.o ABSOLUTE
    ../mathlib/rred.c                        0x00000000   Number         0  rred.o ABSOLUTE
    ../mathlib/tan.c                         0x00000000   Number         0  tan_x.o ABSOLUTE
    ../mathlib/tan.c                         0x00000000   Number         0  tan.o ABSOLUTE
    ../mathlib/tan_i.c                       0x00000000   Number         0  tan_i.o ABSOLUTE
    ../mathlib/tan_i.c                       0x00000000   Number         0  tan_i_x.o ABSOLUTE
    ..\MiniBalance\CONTROL\control.c         0x00000000   Number         0  control.o ABSOLUTE
    ..\MiniBalance\DataScope_DP\DataScope_DP.C 0x00000000   Number         0  datascope_dp.o ABSOLUTE
    ..\MiniBalance\show\show.c               0x00000000   Number         0  show.o ABSOLUTE
    ..\MiniBalance_COER\core_cm3.c           0x00000000   Number         0  core_cm3.o ABSOLUTE
    ..\MiniBalance_COER\startup_stm32f10x_hd.s 0x00000000   Number         0  startup_stm32f10x_hd.o ABSOLUTE
    ..\MiniBalance_HARDWARE\DMA\dma.c        0x00000000   Number         0  dma.o ABSOLUTE
    ..\MiniBalance_HARDWARE\ENCODER\encoder.c 0x00000000   Number         0  encoder.o ABSOLUTE
    ..\MiniBalance_HARDWARE\EXTI\exti.c      0x00000000   Number         0  exti.o ABSOLUTE
    ..\MiniBalance_HARDWARE\KEY\key.c        0x00000000   Number         0  key.o ABSOLUTE
    ..\MiniBalance_HARDWARE\LED\LED.C        0x00000000   Number         0  led.o ABSOLUTE
    ..\MiniBalance_HARDWARE\MOTOR\motor.c    0x00000000   Number         0  motor.o ABSOLUTE
    ..\MiniBalance_HARDWARE\OLED\oled.c      0x00000000   Number         0  oled.o ABSOLUTE
    ..\MiniBalance_HARDWARE\PS2\pstwo.c      0x00000000   Number         0  pstwo.o ABSOLUTE
    ..\MiniBalance_HARDWARE\TIMER\timer.c    0x00000000   Number         0  timer.o ABSOLUTE
    ..\STM32F10x_FWLib\src\misc.c            0x00000000   Number         0  misc.o ABSOLUTE
    ..\STM32F10x_FWLib\src\stm32f10x_adc.c   0x00000000   Number         0  stm32f10x_adc.o ABSOLUTE
    ..\STM32F10x_FWLib\src\stm32f10x_bkp.c   0x00000000   Number         0  stm32f10x_bkp.o ABSOLUTE
    ..\STM32F10x_FWLib\src\stm32f10x_can.c   0x00000000   Number         0  stm32f10x_can.o ABSOLUTE
    ..\STM32F10x_FWLib\src\stm32f10x_cec.c   0x00000000   Number         0  stm32f10x_cec.o ABSOLUTE
    ..\STM32F10x_FWLib\src\stm32f10x_crc.c   0x00000000   Number         0  stm32f10x_crc.o ABSOLUTE
    ..\STM32F10x_FWLib\src\stm32f10x_dac.c   0x00000000   Number         0  stm32f10x_dac.o ABSOLUTE
    ..\STM32F10x_FWLib\src\stm32f10x_dbgmcu.c 0x00000000   Number         0  stm32f10x_dbgmcu.o ABSOLUTE
    ..\STM32F10x_FWLib\src\stm32f10x_dma.c   0x00000000   Number         0  stm32f10x_dma.o ABSOLUTE
    ..\STM32F10x_FWLib\src\stm32f10x_exti.c  0x00000000   Number         0  stm32f10x_exti.o ABSOLUTE
    ..\STM32F10x_FWLib\src\stm32f10x_flash.c 0x00000000   Number         0  stm32f10x_flash.o ABSOLUTE
    ..\STM32F10x_FWLib\src\stm32f10x_fsmc.c  0x00000000   Number         0  stm32f10x_fsmc.o ABSOLUTE
    ..\STM32F10x_FWLib\src\stm32f10x_gpio.c  0x00000000   Number         0  stm32f10x_gpio.o ABSOLUTE
    ..\STM32F10x_FWLib\src\stm32f10x_i2c.c   0x00000000   Number         0  stm32f10x_i2c.o ABSOLUTE
    ..\STM32F10x_FWLib\src\stm32f10x_iwdg.c  0x00000000   Number         0  stm32f10x_iwdg.o ABSOLUTE
    ..\STM32F10x_FWLib\src\stm32f10x_pwr.c   0x00000000   Number         0  stm32f10x_pwr.o ABSOLUTE
    ..\STM32F10x_FWLib\src\stm32f10x_rcc.c   0x00000000   Number         0  stm32f10x_rcc.o ABSOLUTE
    ..\STM32F10x_FWLib\src\stm32f10x_rtc.c   0x00000000   Number         0  stm32f10x_rtc.o ABSOLUTE
    ..\STM32F10x_FWLib\src\stm32f10x_sdio.c  0x00000000   Number         0  stm32f10x_sdio.o ABSOLUTE
    ..\STM32F10x_FWLib\src\stm32f10x_spi.c   0x00000000   Number         0  stm32f10x_spi.o ABSOLUTE
    ..\STM32F10x_FWLib\src\stm32f10x_tim.c   0x00000000   Number         0  stm32f10x_tim.o ABSOLUTE
    ..\STM32F10x_FWLib\src\stm32f10x_usart.c 0x00000000   Number         0  stm32f10x_usart.o ABSOLUTE
    ..\STM32F10x_FWLib\src\stm32f10x_wwdg.c  0x00000000   Number         0  stm32f10x_wwdg.o ABSOLUTE
    ..\SYSTEM\delay\delay.c                  0x00000000   Number         0  delay.o ABSOLUTE
    ..\SYSTEM\sys\sys.c                      0x00000000   Number         0  sys_1.o ABSOLUTE
    ..\\MiniBalance_COER\\core_cm3.c         0x00000000   Number         0  core_cm3.o ABSOLUTE
    ..\\SYSTEM\\sys\\sys.c                   0x00000000   Number         0  sys_1.o ABSOLUTE
    cfcmple.s                                0x00000000   Number         0  cfcmple.o ABSOLUTE
    cfrcmple.s                               0x00000000   Number         0  cfrcmple.o ABSOLUTE
    dc.s                                     0x00000000   Number         0  dc.o ABSOLUTE
    filter.c                                 0x00000000   Number         0  filter.o ABSOLUTE
    handlers.s                               0x00000000   Number         0  handlers.o ABSOLUTE
    init.s                                   0x00000000   Number         0  init.o ABSOLUTE
    main.c                                   0x00000000   Number         0  main.o ABSOLUTE
    mpu9250.c                                0x00000000   Number         0  mpu9250.o ABSOLUTE
    myiic.c                                  0x00000000   Number         0  myiic.o ABSOLUTE
    stm32f10x_it.c                           0x00000000   Number         0  stm32f10x_it.o ABSOLUTE
    system_stm32f10x.c                       0x00000000   Number         0  system_stm32f10x.o ABSOLUTE
    uart.c                                   0x00000000   Number         0  uart.o ABSOLUTE
    RESET                                    0x08000000   Section      304  startup_stm32f10x_hd.o(RESET)
    .ARM.Collect$$$$00000000                 0x08000130   Section        0  entry.o(.ARM.Collect$$$$00000000)
    .ARM.Collect$$$$00000001                 0x08000130   Section        4  entry2.o(.ARM.Collect$$$$00000001)
    .ARM.Collect$$$$00000004                 0x08000134   Section        4  entry5.o(.ARM.Collect$$$$00000004)
    .ARM.Collect$$$$00000008                 0x08000138   Section        0  entry7b.o(.ARM.Collect$$$$00000008)
    .ARM.Collect$$$$0000000A                 0x08000138   Section        0  entry8b.o(.ARM.Collect$$$$0000000A)
    .ARM.Collect$$$$0000000B                 0x08000138   Section        8  entry9a.o(.ARM.Collect$$$$0000000B)
    .ARM.Collect$$$$0000000D                 0x08000140   Section        0  entry10a.o(.ARM.Collect$$$$0000000D)
    .ARM.Collect$$$$0000000F                 0x08000140   Section        0  entry11a.o(.ARM.Collect$$$$0000000F)
    .ARM.Collect$$$$00002712                 0x08000140   Section        4  entry2.o(.ARM.Collect$$$$00002712)
    __lit__00000000                          0x08000140   Data           4  entry2.o(.ARM.Collect$$$$00002712)
    .emb_text                                0x08000144   Section       12  sys_1.o(.emb_text)
    .text                                    0x08000150   Section        0  main.o(.text)
    .text                                    0x080001ec   Section        0  stm32f10x_it.o(.text)
    .text                                    0x08000208   Section        0  system_stm32f10x.o(.text)
    SetSysClockTo72                          0x08000209   Thumb Code   214  system_stm32f10x.o(.text)
    SetSysClock                              0x080002df   Thumb Code     8  system_stm32f10x.o(.text)
    .text                                    0x080003e8   Section       36  startup_stm32f10x_hd.o(.text)
    .text                                    0x0800040c   Section        0  misc.o(.text)
    .text                                    0x080004e8   Section        0  stm32f10x_bkp.o(.text)
    .text                                    0x080005ac   Section        0  stm32f10x_gpio.o(.text)
    .text                                    0x08000908   Section        0  stm32f10x_pwr.o(.text)
    .text                                    0x080009d4   Section        0  stm32f10x_rcc.o(.text)
    .text                                    0x08000d78   Section        0  stm32f10x_tim.o(.text)
    TI4_Config                               0x0800121f   Thumb Code   130  stm32f10x_tim.o(.text)
    TI3_Config                               0x080012b3   Thumb Code   122  stm32f10x_tim.o(.text)
    TI2_Config                               0x08001347   Thumb Code   130  stm32f10x_tim.o(.text)
    TI1_Config                               0x080013db   Thumb Code   108  stm32f10x_tim.o(.text)
    .text                                    0x08001b94   Section        0  stm32f10x_usart.o(.text)
    .text                                    0x08001f9c   Section        0  delay.o(.text)
    .text                                    0x08002070   Section        0  sys_1.o(.text)
    .text                                    0x0800232c   Section        0  myiic.o(.text)
    .text                                    0x080025a4   Section        0  led.o(.text)
    .text                                    0x08002608   Section        0  key.o(.text)
    .text                                    0x08002778   Section        0  oled.o(.text)
    .text                                    0x08002ba8   Section        0  timer.o(.text)
    .text                                    0x08002e28   Section        0  motor.o(.text)
    .text                                    0x08002f88   Section        0  pstwo.o(.text)
    .text                                    0x080033ac   Section        0  encoder.o(.text)
    .text                                    0x08003580   Section        0  uart.o(.text)
    .text                                    0x0800396c   Section        0  mpu9250.o(.text)
    .text                                    0x08003c04   Section        0  control.o(.text)
    .text                                    0x080042d8   Section        0  show.o(.text)
    .text                                    0x08004318   Section        0  memseta.o(.text)
    .text                                    0x0800433c   Section        0  fadd.o(.text)
    .text                                    0x080043ec   Section        0  fmul.o(.text)
    .text                                    0x08004450   Section        0  dadd.o(.text)
    .text                                    0x0800459e   Section        0  dmul.o(.text)
    .text                                    0x08004682   Section        0  ddiv.o(.text)
    .text                                    0x08004760   Section        0  fflti.o(.text)
    .text                                    0x08004772   Section        0  ffixi.o(.text)
    .text                                    0x080047a4   Section        0  dfixi.o(.text)
    .text                                    0x080047e2   Section        0  f2d.o(.text)
    .text                                    0x08004808   Section        0  d2f.o(.text)
    .text                                    0x08004840   Section       20  cfcmple.o(.text)
    .text                                    0x08004854   Section       20  cfrcmple.o(.text)
    .text                                    0x08004868   Section        0  llshl.o(.text)
    .text                                    0x08004886   Section        0  llushr.o(.text)
    .text                                    0x080048a6   Section        0  llsshr.o(.text)
    .text                                    0x080048ca   Section        0  fepilogue.o(.text)
    .text                                    0x080048ca   Section        0  iusefp.o(.text)
    .text                                    0x08004938   Section        0  depilogue.o(.text)
    .text                                    0x080049f4   Section       36  init.o(.text)
    .text                                    0x08004a18   Section        0  dscalb.o(.text)
    .text                                    0x08004a46   Section        0  dflti.o(.text)
    .text                                    0x08004a68   Section        0  dfltui.o(.text)
    .text                                    0x08004a82   Section        0  __dczerorl2.o(.text)
    i.__ARM_fpclassify                       0x08004ad8   Section        0  fpclassify.o(i.__ARM_fpclassify)
    i.__ieee754_rem_pio2                     0x08004b00   Section        0  rred.o(i.__ieee754_rem_pio2)
    i.__kernel_poly                          0x08004e88   Section        0  poly.o(i.__kernel_poly)
    i.__kernel_tan                           0x08004f34   Section        0  tan_i.o(i.__kernel_tan)
    i.__mathlib_dbl_infnan                   0x080051b0   Section        0  dunder.o(i.__mathlib_dbl_infnan)
    i.__mathlib_dbl_invalid                  0x080051b6   Section        0  dunder.o(i.__mathlib_dbl_invalid)
    i.__mathlib_dbl_underflow                0x080051c4   Section        0  dunder.o(i.__mathlib_dbl_underflow)
    i.__scatterload_copy                     0x080051d4   Section       14  handlers.o(i.__scatterload_copy)
    i.__scatterload_null                     0x080051e2   Section        2  handlers.o(i.__scatterload_null)
    i.__scatterload_zeroinit                 0x080051e4   Section       14  handlers.o(i.__scatterload_zeroinit)
    i.__set_errno                            0x080051f4   Section        0  errno.o(i.__set_errno)
    i.tan                                    0x08005200   Section        0  tan.o(i.tan)
    .constdata                               0x08005264   Section     2660  oled.o(.constdata)
    .constdata                               0x08005cc8   Section      200  rred.o(.constdata)
    pio2s                                    0x08005cc8   Data          48  rred.o(.constdata)
    twooverpi                                0x08005cf8   Data         152  rred.o(.constdata)
    .constdata                               0x08005d90   Section       96  tan_i.o(.constdata)
    Todd                                     0x08005d90   Data          48  tan_i.o(.constdata)
    Teven                                    0x08005dc0   Data          48  tan_i.o(.constdata)
    .data                                    0x20000000   Section      104  main.o(.data)
    .data                                    0x20000068   Section       20  system_stm32f10x.o(.data)
    .data                                    0x2000007c   Section       20  stm32f10x_rcc.o(.data)
    APBAHBPrescTable                         0x2000007c   Data          16  stm32f10x_rcc.o(.data)
    ADCPrescTable                            0x2000008c   Data           4  stm32f10x_rcc.o(.data)
    .data                                    0x20000090   Section        4  delay.o(.data)
    fac_us                                   0x20000090   Data           1  delay.o(.data)
    fac_ms                                   0x20000092   Data           2  delay.o(.data)
    .data                                    0x20000094   Section        4  led.o(.data)
    temp                                     0x20000094   Data           4  led.o(.data)
    .data                                    0x20000098   Section       14  key.o(.data)
    flag_key                                 0x20000098   Data           1  key.o(.data)
    count_key                                0x20000099   Data           1  key.o(.data)
    double_key                               0x2000009a   Data           1  key.o(.data)
    count_single                             0x2000009c   Data           2  key.o(.data)
    Forever_count                            0x2000009e   Data           2  key.o(.data)
    flag_key                                 0x200000a0   Data           1  key.o(.data)
    Long_Press_count                         0x200000a2   Data           2  key.o(.data)
    Long_Press                               0x200000a4   Data           2  key.o(.data)
    .data                                    0x200000a6   Section       36  pstwo.o(.data)
    .data                                    0x200000cc   Section       52  uart.o(.data)
    count                                    0x200000fc   Data           1  uart.o(.data)
    last_data                                0x200000fd   Data           1  uart.o(.data)
    last_last_data                           0x200000fe   Data           1  uart.o(.data)
    Usart_ON_Count                           0x200000ff   Data           1  uart.o(.data)
    .data                                    0x20000100   Section       18  mpu9250.o(.data)
    .data                                    0x20000114   Section       76  control.o(.data)
    .data                                    0x20000160   Section        4  errno.o(.data)
    _errno                                   0x20000160   Data           4  errno.o(.data)
    .bss                                     0x20000164   Section     1024  oled.o(.bss)
    .bss                                     0x20000564   Section        9  pstwo.o(.bss)
    .bss                                     0x2000056d   Section       60  uart.o(.bss)
    Send_rasberry                            0x2000056d   Data          60  uart.o(.bss)
    STACK                                    0x200005b0   Section     1024  startup_stm32f10x_hd.o(STACK)

    Global Symbols

    Symbol Name                              Value     Ov Type        Size  Object(Section)

    BuildAttributes$$THM_ISAv4$P$D$K$B$S$PE$A:L22UL41UL21$X:L11$S22US41US21$IEEE1$IW$USESV6$~STKCKD$USESV7$~SHL$OTIME$ROPI$IEEEX$EBA8$MICROLIB$REQ8$PRES8$EABIv2 0x00000000   Number         0  anon$$obj.o ABSOLUTE
    __ARM_use_no_argv                        0x00000000   Number         0  main.o ABSOLUTE
    __cpp_initialize__aeabi_                  - Undefined Weak Reference
    __cxa_finalize                            - Undefined Weak Reference
    _clock_init                               - Undefined Weak Reference
    _microlib_exit                            - Undefined Weak Reference
    __Vectors_Size                           0x00000130   Number         0  startup_stm32f10x_hd.o ABSOLUTE
    __Vectors                                0x08000000   Data           4  startup_stm32f10x_hd.o(RESET)
    __Vectors_End                            0x08000130   Data           0  startup_stm32f10x_hd.o(RESET)
    __main                                   0x08000131   Thumb Code     0  entry.o(.ARM.Collect$$$$00000000)
    _main_stk                                0x08000131   Thumb Code     0  entry2.o(.ARM.Collect$$$$00000001)
    _main_scatterload                        0x08000135   Thumb Code     0  entry5.o(.ARM.Collect$$$$00000004)
    __main_after_scatterload                 0x08000139   Thumb Code     0  entry5.o(.ARM.Collect$$$$00000004)
    _main_clock                              0x08000139   Thumb Code     0  entry7b.o(.ARM.Collect$$$$00000008)
    _main_cpp_init                           0x08000139   Thumb Code     0  entry8b.o(.ARM.Collect$$$$0000000A)
    _main_init                               0x08000139   Thumb Code     0  entry9a.o(.ARM.Collect$$$$0000000B)
    __rt_final_cpp                           0x08000141   Thumb Code     0  entry10a.o(.ARM.Collect$$$$0000000D)
    __rt_final_exit                          0x08000141   Thumb Code     0  entry11a.o(.ARM.Collect$$$$0000000F)
    WFI_SET                                  0x08000145   Thumb Code     2  sys_1.o(.emb_text)
    INTX_DISABLE                             0x08000147   Thumb Code     2  sys_1.o(.emb_text)
    INTX_ENABLE                              0x08000149   Thumb Code     2  sys_1.o(.emb_text)
    MSR_MSP                                  0x0800014b   Thumb Code     6  sys_1.o(.emb_text)
    main                                     0x08000151   Thumb Code   132  main.o(.text)
    NMI_Handler                              0x080001ed   Thumb Code     2  stm32f10x_it.o(.text)
    HardFault_Handler                        0x080001ef   Thumb Code     4  stm32f10x_it.o(.text)
    MemManage_Handler                        0x080001f3   Thumb Code     4  stm32f10x_it.o(.text)
    BusFault_Handler                         0x080001f7   Thumb Code     4  stm32f10x_it.o(.text)
    UsageFault_Handler                       0x080001fb   Thumb Code     4  stm32f10x_it.o(.text)
    SVC_Handler                              0x080001ff   Thumb Code     2  stm32f10x_it.o(.text)
    DebugMon_Handler                         0x08000201   Thumb Code     2  stm32f10x_it.o(.text)
    PendSV_Handler                           0x08000203   Thumb Code     2  stm32f10x_it.o(.text)
    SysTick_Handler                          0x08000205   Thumb Code     2  stm32f10x_it.o(.text)
    SystemInit                               0x080002e7   Thumb Code    78  system_stm32f10x.o(.text)
    SystemCoreClockUpdate                    0x08000335   Thumb Code   142  system_stm32f10x.o(.text)
    Reset_Handler                            0x080003e9   Thumb Code     8  startup_stm32f10x_hd.o(.text)
    ADC1_2_IRQHandler                        0x08000403   Thumb Code     0  startup_stm32f10x_hd.o(.text)
    ADC3_IRQHandler                          0x08000403   Thumb Code     0  startup_stm32f10x_hd.o(.text)
    CAN1_RX1_IRQHandler                      0x08000403   Thumb Code     0  startup_stm32f10x_hd.o(.text)
    CAN1_SCE_IRQHandler                      0x08000403   Thumb Code     0  startup_stm32f10x_hd.o(.text)
    DMA1_Channel1_IRQHandler                 0x08000403   Thumb Code     0  startup_stm32f10x_hd.o(.text)
    DMA1_Channel2_IRQHandler                 0x08000403   Thumb Code     0  startup_stm32f10x_hd.o(.text)
    DMA1_Channel3_IRQHandler                 0x08000403   Thumb Code     0  startup_stm32f10x_hd.o(.text)
    DMA1_Channel4_IRQHandler                 0x08000403   Thumb Code     0  startup_stm32f10x_hd.o(.text)
    DMA1_Channel5_IRQHandler                 0x08000403   Thumb Code     0  startup_stm32f10x_hd.o(.text)
    DMA1_Channel6_IRQHandler                 0x08000403   Thumb Code     0  startup_stm32f10x_hd.o(.text)
    DMA1_Channel7_IRQHandler                 0x08000403   Thumb Code     0  startup_stm32f10x_hd.o(.text)
    DMA2_Channel1_IRQHandler                 0x08000403   Thumb Code     0  startup_stm32f10x_hd.o(.text)
    DMA2_Channel2_IRQHandler                 0x08000403   Thumb Code     0  startup_stm32f10x_hd.o(.text)
    DMA2_Channel3_IRQHandler                 0x08000403   Thumb Code     0  startup_stm32f10x_hd.o(.text)
    DMA2_Channel4_5_IRQHandler               0x08000403   Thumb Code     0  startup_stm32f10x_hd.o(.text)
    EXTI0_IRQHandler                         0x08000403   Thumb Code     0  startup_stm32f10x_hd.o(.text)
    EXTI15_10_IRQHandler                     0x08000403   Thumb Code     0  startup_stm32f10x_hd.o(.text)
    EXTI1_IRQHandler                         0x08000403   Thumb Code     0  startup_stm32f10x_hd.o(.text)
    EXTI2_IRQHandler                         0x08000403   Thumb Code     0  startup_stm32f10x_hd.o(.text)
    EXTI3_IRQHandler                         0x08000403   Thumb Code     0  startup_stm32f10x_hd.o(.text)
    EXTI4_IRQHandler                         0x08000403   Thumb Code     0  startup_stm32f10x_hd.o(.text)
    EXTI9_5_IRQHandler                       0x08000403   Thumb Code     0  startup_stm32f10x_hd.o(.text)
    FLASH_IRQHandler                         0x08000403   Thumb Code     0  startup_stm32f10x_hd.o(.text)
    FSMC_IRQHandler                          0x08000403   Thumb Code     0  startup_stm32f10x_hd.o(.text)
    I2C1_ER_IRQHandler                       0x08000403   Thumb Code     0  startup_stm32f10x_hd.o(.text)
    I2C1_EV_IRQHandler                       0x08000403   Thumb Code     0  startup_stm32f10x_hd.o(.text)
    I2C2_ER_IRQHandler                       0x08000403   Thumb Code     0  startup_stm32f10x_hd.o(.text)
    I2C2_EV_IRQHandler                       0x08000403   Thumb Code     0  startup_stm32f10x_hd.o(.text)
    PVD_IRQHandler                           0x08000403   Thumb Code     0  startup_stm32f10x_hd.o(.text)
    RCC_IRQHandler                           0x08000403   Thumb Code     0  startup_stm32f10x_hd.o(.text)
    RTCAlarm_IRQHandler                      0x08000403   Thumb Code     0  startup_stm32f10x_hd.o(.text)
    RTC_IRQHandler                           0x08000403   Thumb Code     0  startup_stm32f10x_hd.o(.text)
    SDIO_IRQHandler                          0x08000403   Thumb Code     0  startup_stm32f10x_hd.o(.text)
    SPI1_IRQHandler                          0x08000403   Thumb Code     0  startup_stm32f10x_hd.o(.text)
    SPI2_IRQHandler                          0x08000403   Thumb Code     0  startup_stm32f10x_hd.o(.text)
    SPI3_IRQHandler                          0x08000403   Thumb Code     0  startup_stm32f10x_hd.o(.text)
    TAMPER_IRQHandler                        0x08000403   Thumb Code     0  startup_stm32f10x_hd.o(.text)
    TIM1_BRK_IRQHandler                      0x08000403   Thumb Code     0  startup_stm32f10x_hd.o(.text)
    TIM1_CC_IRQHandler                       0x08000403   Thumb Code     0  startup_stm32f10x_hd.o(.text)
    TIM1_TRG_COM_IRQHandler                  0x08000403   Thumb Code     0  startup_stm32f10x_hd.o(.text)
    TIM1_UP_IRQHandler                       0x08000403   Thumb Code     0  startup_stm32f10x_hd.o(.text)
    TIM4_IRQHandler                          0x08000403   Thumb Code     0  startup_stm32f10x_hd.o(.text)
    TIM5_IRQHandler                          0x08000403   Thumb Code     0  startup_stm32f10x_hd.o(.text)
    TIM7_IRQHandler                          0x08000403   Thumb Code     0  startup_stm32f10x_hd.o(.text)
    TIM8_BRK_IRQHandler                      0x08000403   Thumb Code     0  startup_stm32f10x_hd.o(.text)
    TIM8_CC_IRQHandler                       0x08000403   Thumb Code     0  startup_stm32f10x_hd.o(.text)
    TIM8_TRG_COM_IRQHandler                  0x08000403   Thumb Code     0  startup_stm32f10x_hd.o(.text)
    TIM8_UP_IRQHandler                       0x08000403   Thumb Code     0  startup_stm32f10x_hd.o(.text)
    UART4_IRQHandler                         0x08000403   Thumb Code     0  startup_stm32f10x_hd.o(.text)
    UART5_IRQHandler                         0x08000403   Thumb Code     0  startup_stm32f10x_hd.o(.text)
    USART2_IRQHandler                        0x08000403   Thumb Code     0  startup_stm32f10x_hd.o(.text)
    USART3_IRQHandler                        0x08000403   Thumb Code     0  startup_stm32f10x_hd.o(.text)
    USBWakeUp_IRQHandler                     0x08000403   Thumb Code     0  startup_stm32f10x_hd.o(.text)
    USB_HP_CAN1_TX_IRQHandler                0x08000403   Thumb Code     0  startup_stm32f10x_hd.o(.text)
    USB_LP_CAN1_RX0_IRQHandler               0x08000403   Thumb Code     0  startup_stm32f10x_hd.o(.text)
    WWDG_IRQHandler                          0x08000403   Thumb Code     0  startup_stm32f10x_hd.o(.text)
    NVIC_PriorityGroupConfig                 0x0800040d   Thumb Code    10  misc.o(.text)
    NVIC_Init                                0x08000417   Thumb Code   100  misc.o(.text)
    NVIC_SetVectorTable                      0x0800047b   Thumb Code    14  misc.o(.text)
    NVIC_SystemLPConfig                      0x08000489   Thumb Code    34  misc.o(.text)
    SysTick_CLKSourceConfig                  0x080004ab   Thumb Code    40  misc.o(.text)
    BKP_DeInit                               0x080004e9   Thumb Code    16  stm32f10x_bkp.o(.text)
    BKP_TamperPinLevelConfig                 0x080004f9   Thumb Code     6  stm32f10x_bkp.o(.text)
    BKP_TamperPinCmd                         0x080004ff   Thumb Code     8  stm32f10x_bkp.o(.text)
    BKP_ITConfig                             0x08000507   Thumb Code     8  stm32f10x_bkp.o(.text)
    BKP_RTCOutputConfig                      0x0800050f   Thumb Code    22  stm32f10x_bkp.o(.text)
    BKP_SetRTCCalibrationValue               0x08000525   Thumb Code    22  stm32f10x_bkp.o(.text)
    BKP_WriteBackupRegister                  0x0800053b   Thumb Code    24  stm32f10x_bkp.o(.text)
    BKP_ReadBackupRegister                   0x08000553   Thumb Code    26  stm32f10x_bkp.o(.text)
    BKP_GetFlagStatus                        0x0800056d   Thumb Code    10  stm32f10x_bkp.o(.text)
    BKP_ClearFlag                            0x08000577   Thumb Code    18  stm32f10x_bkp.o(.text)
    BKP_GetITStatus                          0x08000589   Thumb Code    10  stm32f10x_bkp.o(.text)
    BKP_ClearITPendingBit                    0x08000593   Thumb Code    18  stm32f10x_bkp.o(.text)
    GPIO_DeInit                              0x080005ad   Thumb Code   172  stm32f10x_gpio.o(.text)
    GPIO_AFIODeInit                          0x08000659   Thumb Code    20  stm32f10x_gpio.o(.text)
    GPIO_Init                                0x0800066d   Thumb Code   278  stm32f10x_gpio.o(.text)
    GPIO_StructInit                          0x08000783   Thumb Code    16  stm32f10x_gpio.o(.text)
    GPIO_ReadInputDataBit                    0x08000793   Thumb Code    18  stm32f10x_gpio.o(.text)
    GPIO_ReadInputData                       0x080007a5   Thumb Code     8  stm32f10x_gpio.o(.text)
    GPIO_ReadOutputDataBit                   0x080007ad   Thumb Code    18  stm32f10x_gpio.o(.text)
    GPIO_ReadOutputData                      0x080007bf   Thumb Code     8  stm32f10x_gpio.o(.text)
    GPIO_SetBits                             0x080007c7   Thumb Code     4  stm32f10x_gpio.o(.text)
    GPIO_ResetBits                           0x080007cb   Thumb Code     4  stm32f10x_gpio.o(.text)
    GPIO_WriteBit                            0x080007cf   Thumb Code    10  stm32f10x_gpio.o(.text)
    GPIO_Write                               0x080007d9   Thumb Code     4  stm32f10x_gpio.o(.text)
    GPIO_PinLockConfig                       0x080007dd   Thumb Code    18  stm32f10x_gpio.o(.text)
    GPIO_EventOutputConfig                   0x080007ef   Thumb Code    26  stm32f10x_gpio.o(.text)
    GPIO_EventOutputCmd                      0x08000809   Thumb Code     6  stm32f10x_gpio.o(.text)
    GPIO_PinRemapConfig                      0x0800080f   Thumb Code   138  stm32f10x_gpio.o(.text)
    GPIO_EXTILineConfig                      0x08000899   Thumb Code    66  stm32f10x_gpio.o(.text)
    GPIO_ETH_MediaInterfaceConfig            0x080008db   Thumb Code     8  stm32f10x_gpio.o(.text)
    PWR_DeInit                               0x08000909   Thumb Code    22  stm32f10x_pwr.o(.text)
    PWR_BackupAccessCmd                      0x0800091f   Thumb Code     6  stm32f10x_pwr.o(.text)
    PWR_PVDCmd                               0x08000925   Thumb Code     6  stm32f10x_pwr.o(.text)
    PWR_PVDLevelConfig                       0x0800092b   Thumb Code    18  stm32f10x_pwr.o(.text)
    PWR_WakeUpPinCmd                         0x0800093d   Thumb Code     8  stm32f10x_pwr.o(.text)
    PWR_EnterSTOPMode                        0x08000945   Thumb Code    54  stm32f10x_pwr.o(.text)
    PWR_EnterSTANDBYMode                     0x0800097b   Thumb Code    42  stm32f10x_pwr.o(.text)
    PWR_GetFlagStatus                        0x080009a5   Thumb Code    20  stm32f10x_pwr.o(.text)
    PWR_ClearFlag                            0x080009b9   Thumb Code    14  stm32f10x_pwr.o(.text)
    RCC_DeInit                               0x080009d5   Thumb Code    64  stm32f10x_rcc.o(.text)
    RCC_HSEConfig                            0x08000a15   Thumb Code    70  stm32f10x_rcc.o(.text)
    RCC_GetFlagStatus                        0x08000a5b   Thumb Code    56  stm32f10x_rcc.o(.text)
    RCC_WaitForHSEStartUp                    0x08000a93   Thumb Code    56  stm32f10x_rcc.o(.text)
    RCC_AdjustHSICalibrationValue            0x08000acb   Thumb Code    20  stm32f10x_rcc.o(.text)
    RCC_HSICmd                               0x08000adf   Thumb Code     6  stm32f10x_rcc.o(.text)
    RCC_PLLConfig                            0x08000ae5   Thumb Code    24  stm32f10x_rcc.o(.text)
    RCC_PLLCmd                               0x08000afd   Thumb Code     6  stm32f10x_rcc.o(.text)
    RCC_SYSCLKConfig                         0x08000b03   Thumb Code    18  stm32f10x_rcc.o(.text)
    RCC_GetSYSCLKSource                      0x08000b15   Thumb Code    10  stm32f10x_rcc.o(.text)
    RCC_HCLKConfig                           0x08000b1f   Thumb Code    18  stm32f10x_rcc.o(.text)
    RCC_PCLK1Config                          0x08000b31   Thumb Code    18  stm32f10x_rcc.o(.text)
    RCC_PCLK2Config                          0x08000b43   Thumb Code    20  stm32f10x_rcc.o(.text)
    RCC_ITConfig                             0x08000b57   Thumb Code    26  stm32f10x_rcc.o(.text)
    RCC_USBCLKConfig                         0x08000b71   Thumb Code     8  stm32f10x_rcc.o(.text)
    RCC_ADCCLKConfig                         0x08000b79   Thumb Code    18  stm32f10x_rcc.o(.text)
    RCC_LSEConfig                            0x08000b8b   Thumb Code    50  stm32f10x_rcc.o(.text)
    RCC_LSICmd                               0x08000bbd   Thumb Code     6  stm32f10x_rcc.o(.text)
    RCC_RTCCLKConfig                         0x08000bc3   Thumb Code    12  stm32f10x_rcc.o(.text)
    RCC_RTCCLKCmd                            0x08000bcf   Thumb Code     8  stm32f10x_rcc.o(.text)
    RCC_GetClocksFreq                        0x08000bd7   Thumb Code   192  stm32f10x_rcc.o(.text)
    RCC_AHBPeriphClockCmd                    0x08000c97   Thumb Code    26  stm32f10x_rcc.o(.text)
    RCC_APB2PeriphClockCmd                   0x08000cb1   Thumb Code    26  stm32f10x_rcc.o(.text)
    RCC_APB1PeriphClockCmd                   0x08000ccb   Thumb Code    26  stm32f10x_rcc.o(.text)
    RCC_APB2PeriphResetCmd                   0x08000ce5   Thumb Code    26  stm32f10x_rcc.o(.text)
    RCC_APB1PeriphResetCmd                   0x08000cff   Thumb Code    26  stm32f10x_rcc.o(.text)
    RCC_BackupResetCmd                       0x08000d19   Thumb Code     8  stm32f10x_rcc.o(.text)
    RCC_ClockSecuritySystemCmd               0x08000d21   Thumb Code     6  stm32f10x_rcc.o(.text)
    RCC_MCOConfig                            0x08000d27   Thumb Code     6  stm32f10x_rcc.o(.text)
    RCC_ClearFlag                            0x08000d2d   Thumb Code    14  stm32f10x_rcc.o(.text)
    RCC_GetITStatus                          0x08000d3b   Thumb Code    20  stm32f10x_rcc.o(.text)
    RCC_ClearITPendingBit                    0x08000d4f   Thumb Code     6  stm32f10x_rcc.o(.text)
    TIM_DeInit                               0x08000d79   Thumb Code   424  stm32f10x_tim.o(.text)
    TIM_TimeBaseInit                         0x08000f21   Thumb Code   122  stm32f10x_tim.o(.text)
    TIM_OC1Init                              0x08000f9b   Thumb Code   132  stm32f10x_tim.o(.text)
    TIM_OC2Init                              0x0800101f   Thumb Code   154  stm32f10x_tim.o(.text)
    TIM_OC3Init                              0x080010b9   Thumb Code   150  stm32f10x_tim.o(.text)
    TIM_OC4Init                              0x0800114f   Thumb Code   182  stm32f10x_tim.o(.text)
    TIM_SetIC4Prescaler                      0x08001205   Thumb Code    26  stm32f10x_tim.o(.text)
    TIM_SetIC3Prescaler                      0x080012a1   Thumb Code    18  stm32f10x_tim.o(.text)
    TIM_SetIC2Prescaler                      0x0800132d   Thumb Code    26  stm32f10x_tim.o(.text)
    TIM_SetIC1Prescaler                      0x080013c9   Thumb Code    18  stm32f10x_tim.o(.text)
    TIM_ICInit                               0x08001447   Thumb Code   150  stm32f10x_tim.o(.text)
    TIM_PWMIConfig                           0x080014dd   Thumb Code   124  stm32f10x_tim.o(.text)
    TIM_BDTRConfig                           0x08001559   Thumb Code    32  stm32f10x_tim.o(.text)
    TIM_TimeBaseStructInit                   0x08001579   Thumb Code    18  stm32f10x_tim.o(.text)
    TIM_OCStructInit                         0x0800158b   Thumb Code    20  stm32f10x_tim.o(.text)
    TIM_ICStructInit                         0x0800159f   Thumb Code    18  stm32f10x_tim.o(.text)
    TIM_BDTRStructInit                       0x080015b1   Thumb Code    40  stm32f10x_tim.o(.text)
    TIM_Cmd                                  0x080015d9   Thumb Code    24  stm32f10x_tim.o(.text)
    TIM_CtrlPWMOutputs                       0x080015f1   Thumb Code    30  stm32f10x_tim.o(.text)
    TIM_ITConfig                             0x0800160f   Thumb Code    18  stm32f10x_tim.o(.text)
    TIM_GenerateEvent                        0x08001621   Thumb Code     4  stm32f10x_tim.o(.text)
    TIM_DMAConfig                            0x08001625   Thumb Code    10  stm32f10x_tim.o(.text)
    TIM_DMACmd                               0x0800162f   Thumb Code    18  stm32f10x_tim.o(.text)
    TIM_InternalClockConfig                  0x08001641   Thumb Code    12  stm32f10x_tim.o(.text)
    TIM_SelectInputTrigger                   0x0800164d   Thumb Code    18  stm32f10x_tim.o(.text)
    TIM_ITRxExternalClockConfig              0x0800165f   Thumb Code    24  stm32f10x_tim.o(.text)
    TIM_TIxExternalClockConfig               0x08001677   Thumb Code    62  stm32f10x_tim.o(.text)
    TIM_ETRConfig                            0x080016b5   Thumb Code    28  stm32f10x_tim.o(.text)
    TIM_ETRClockMode1Config                  0x080016d1   Thumb Code    54  stm32f10x_tim.o(.text)
    TIM_ETRClockMode2Config                  0x08001707   Thumb Code    32  stm32f10x_tim.o(.text)
    TIM_PrescalerConfig                      0x08001727   Thumb Code     6  stm32f10x_tim.o(.text)
    TIM_CounterModeConfig                    0x0800172d   Thumb Code    18  stm32f10x_tim.o(.text)
    TIM_EncoderInterfaceConfig               0x0800173f   Thumb Code    66  stm32f10x_tim.o(.text)
    TIM_ForcedOC1Config                      0x08001781   Thumb Code    18  stm32f10x_tim.o(.text)
    TIM_ForcedOC2Config                      0x08001793   Thumb Code    26  stm32f10x_tim.o(.text)
    TIM_ForcedOC3Config                      0x080017ad   Thumb Code    18  stm32f10x_tim.o(.text)
    TIM_ForcedOC4Config                      0x080017bf   Thumb Code    26  stm32f10x_tim.o(.text)
    TIM_ARRPreloadConfig                     0x080017d9   Thumb Code    24  stm32f10x_tim.o(.text)
    TIM_SelectCOM                            0x080017f1   Thumb Code    24  stm32f10x_tim.o(.text)
    TIM_SelectCCDMA                          0x08001809   Thumb Code    24  stm32f10x_tim.o(.text)
    TIM_CCPreloadControl                     0x08001821   Thumb Code    24  stm32f10x_tim.o(.text)
    TIM_OC1PreloadConfig                     0x08001839   Thumb Code    18  stm32f10x_tim.o(.text)
    TIM_OC2PreloadConfig                     0x0800184b   Thumb Code    26  stm32f10x_tim.o(.text)
    TIM_OC3PreloadConfig                     0x08001865   Thumb Code    18  stm32f10x_tim.o(.text)
    TIM_OC4PreloadConfig                     0x08001877   Thumb Code    26  stm32f10x_tim.o(.text)
    TIM_OC1FastConfig                        0x08001891   Thumb Code    18  stm32f10x_tim.o(.text)
    TIM_OC2FastConfig                        0x080018a3   Thumb Code    26  stm32f10x_tim.o(.text)
    TIM_OC3FastConfig                        0x080018bd   Thumb Code    18  stm32f10x_tim.o(.text)
    TIM_OC4FastConfig                        0x080018cf   Thumb Code    26  stm32f10x_tim.o(.text)
    TIM_ClearOC1Ref                          0x080018e9   Thumb Code    18  stm32f10x_tim.o(.text)
    TIM_ClearOC2Ref                          0x080018fb   Thumb Code    24  stm32f10x_tim.o(.text)
    TIM_ClearOC3Ref                          0x08001913   Thumb Code    18  stm32f10x_tim.o(.text)
    TIM_ClearOC4Ref                          0x08001925   Thumb Code    24  stm32f10x_tim.o(.text)
    TIM_OC1PolarityConfig                    0x0800193d   Thumb Code    18  stm32f10x_tim.o(.text)
    TIM_OC1NPolarityConfig                   0x0800194f   Thumb Code    18  stm32f10x_tim.o(.text)
    TIM_OC2PolarityConfig                    0x08001961   Thumb Code    26  stm32f10x_tim.o(.text)
    TIM_OC2NPolarityConfig                   0x0800197b   Thumb Code    26  stm32f10x_tim.o(.text)
    TIM_OC3PolarityConfig                    0x08001995   Thumb Code    26  stm32f10x_tim.o(.text)
    TIM_OC3NPolarityConfig                   0x080019af   Thumb Code    26  stm32f10x_tim.o(.text)
    TIM_OC4PolarityConfig                    0x080019c9   Thumb Code    26  stm32f10x_tim.o(.text)
    TIM_CCxCmd                               0x080019e3   Thumb Code    30  stm32f10x_tim.o(.text)
    TIM_CCxNCmd                              0x08001a01   Thumb Code    30  stm32f10x_tim.o(.text)
    TIM_SelectOCxM                           0x08001a1f   Thumb Code    82  stm32f10x_tim.o(.text)
    TIM_UpdateDisableConfig                  0x08001a71   Thumb Code    24  stm32f10x_tim.o(.text)
    TIM_UpdateRequestConfig                  0x08001a89   Thumb Code    24  stm32f10x_tim.o(.text)
    TIM_SelectHallSensor                     0x08001aa1   Thumb Code    24  stm32f10x_tim.o(.text)
    TIM_SelectOnePulseMode                   0x08001ab9   Thumb Code    18  stm32f10x_tim.o(.text)
    TIM_SelectOutputTrigger                  0x08001acb   Thumb Code    18  stm32f10x_tim.o(.text)
    TIM_SelectSlaveMode                      0x08001add   Thumb Code    18  stm32f10x_tim.o(.text)
    TIM_SelectMasterSlaveMode                0x08001aef   Thumb Code    18  stm32f10x_tim.o(.text)
    TIM_SetCounter                           0x08001b01   Thumb Code     4  stm32f10x_tim.o(.text)
    TIM_SetAutoreload                        0x08001b05   Thumb Code     4  stm32f10x_tim.o(.text)
    TIM_SetCompare1                          0x08001b09   Thumb Code     4  stm32f10x_tim.o(.text)
    TIM_SetCompare2                          0x08001b0d   Thumb Code     4  stm32f10x_tim.o(.text)
    TIM_SetCompare3                          0x08001b11   Thumb Code     4  stm32f10x_tim.o(.text)
    TIM_SetCompare4                          0x08001b15   Thumb Code     6  stm32f10x_tim.o(.text)
    TIM_SetClockDivision                     0x08001b1b   Thumb Code    18  stm32f10x_tim.o(.text)
    TIM_GetCapture1                          0x08001b2d   Thumb Code     6  stm32f10x_tim.o(.text)
    TIM_GetCapture2                          0x08001b33   Thumb Code     6  stm32f10x_tim.o(.text)
    TIM_GetCapture3                          0x08001b39   Thumb Code     6  stm32f10x_tim.o(.text)
    TIM_GetCapture4                          0x08001b3f   Thumb Code     8  stm32f10x_tim.o(.text)
    TIM_GetCounter                           0x08001b47   Thumb Code     6  stm32f10x_tim.o(.text)
    TIM_GetPrescaler                         0x08001b4d   Thumb Code     6  stm32f10x_tim.o(.text)
    TIM_GetFlagStatus                        0x08001b53   Thumb Code    18  stm32f10x_tim.o(.text)
    TIM_ClearFlag                            0x08001b65   Thumb Code     6  stm32f10x_tim.o(.text)
    TIM_GetITStatus                          0x08001b6b   Thumb Code    34  stm32f10x_tim.o(.text)
    TIM_ClearITPendingBit                    0x08001b8d   Thumb Code     6  stm32f10x_tim.o(.text)
    USART_DeInit                             0x08001b95   Thumb Code   134  stm32f10x_usart.o(.text)
    USART_Init                               0x08001c1b   Thumb Code   210  stm32f10x_usart.o(.text)
    USART_StructInit                         0x08001ced   Thumb Code    24  stm32f10x_usart.o(.text)
    USART_ClockInit                          0x08001d05   Thumb Code    34  stm32f10x_usart.o(.text)
    USART_ClockStructInit                    0x08001d27   Thumb Code    12  stm32f10x_usart.o(.text)
    USART_Cmd                                0x08001d33   Thumb Code    24  stm32f10x_usart.o(.text)
    USART_ITConfig                           0x08001d4b   Thumb Code    74  stm32f10x_usart.o(.text)
    USART_DMACmd                             0x08001d95   Thumb Code    18  stm32f10x_usart.o(.text)
    USART_SetAddress                         0x08001da7   Thumb Code    18  stm32f10x_usart.o(.text)
    USART_WakeUpConfig                       0x08001db9   Thumb Code    18  stm32f10x_usart.o(.text)
    USART_ReceiverWakeUpCmd                  0x08001dcb   Thumb Code    24  stm32f10x_usart.o(.text)
    USART_LINBreakDetectLengthConfig         0x08001de3   Thumb Code    18  stm32f10x_usart.o(.text)
    USART_LINCmd                             0x08001df5   Thumb Code    24  stm32f10x_usart.o(.text)
    USART_SendData                           0x08001e0d   Thumb Code     8  stm32f10x_usart.o(.text)
    USART_ReceiveData                        0x08001e15   Thumb Code    10  stm32f10x_usart.o(.text)
    USART_SendBreak                          0x08001e1f   Thumb Code    10  stm32f10x_usart.o(.text)
    USART_SetGuardTime                       0x08001e29   Thumb Code    16  stm32f10x_usart.o(.text)
    USART_SetPrescaler                       0x08001e39   Thumb Code    16  stm32f10x_usart.o(.text)
    USART_SmartCardCmd                       0x08001e49   Thumb Code    24  stm32f10x_usart.o(.text)
    USART_SmartCardNACKCmd                   0x08001e61   Thumb Code    24  stm32f10x_usart.o(.text)
    USART_HalfDuplexCmd                      0x08001e79   Thumb Code    24  stm32f10x_usart.o(.text)
    USART_OverSampling8Cmd                   0x08001e91   Thumb Code    22  stm32f10x_usart.o(.text)
    USART_OneBitMethodCmd                    0x08001ea7   Thumb Code    24  stm32f10x_usart.o(.text)
    USART_IrDAConfig                         0x08001ebf   Thumb Code    18  stm32f10x_usart.o(.text)
    USART_IrDACmd                            0x08001ed1   Thumb Code    24  stm32f10x_usart.o(.text)
    USART_GetFlagStatus                      0x08001ee9   Thumb Code    26  stm32f10x_usart.o(.text)
    USART_ClearFlag                          0x08001f03   Thumb Code    18  stm32f10x_usart.o(.text)
    USART_GetITStatus                        0x08001f15   Thumb Code    84  stm32f10x_usart.o(.text)
    USART_ClearITPendingBit                  0x08001f69   Thumb Code    52  stm32f10x_usart.o(.text)
    delay_init                               0x08001f9d   Thumb Code    50  delay.o(.text)
    delay_us                                 0x08001fcf   Thumb Code    72  delay.o(.text)
    delay_ms                                 0x08002017   Thumb Code    72  delay.o(.text)
    MY_NVIC_SetVectorTable                   0x08002071   Thumb Code    12  sys_1.o(.text)
    MY_NVIC_PriorityGroupConfig              0x0800207d   Thumb Code    36  sys_1.o(.text)
    MY_NVIC_Init                             0x080020a1   Thumb Code   116  sys_1.o(.text)
    Ex_NVIC_Config                           0x08002115   Thumb Code   146  sys_1.o(.text)
    MYRCC_DeInit                             0x080021a7   Thumb Code    90  sys_1.o(.text)
    Sys_Standby                              0x08002201   Thumb Code    68  sys_1.o(.text)
    Sys_Soft_Reset                           0x08002245   Thumb Code    12  sys_1.o(.text)
    JTAG_Set                                 0x08002251   Thumb Code    42  sys_1.o(.text)
    Stm32_Clock_Init                         0x0800227b   Thumb Code   134  sys_1.o(.text)
    IIC_Init                                 0x0800232d   Thumb Code    52  myiic.o(.text)
    IIC_Start                                0x08002361   Thumb Code    72  myiic.o(.text)
    IIC_Stop                                 0x080023a9   Thumb Code    68  myiic.o(.text)
    IIC_Wait_Ack                             0x080023ed   Thumb Code    90  myiic.o(.text)
    IIC_Ack                                  0x08002447   Thumb Code    70  myiic.o(.text)
    IIC_NAck                                 0x0800248d   Thumb Code    70  myiic.o(.text)
    IIC_Send_Byte                            0x080024d3   Thumb Code    94  myiic.o(.text)
    IIC_Read_Byte                            0x08002531   Thumb Code   102  myiic.o(.text)
    LED_Init                                 0x080025a5   Thumb Code    40  led.o(.text)
    Led_Flash                                0x080025cd   Thumb Code    44  led.o(.text)
    KEY_Init                                 0x08002609   Thumb Code    34  key.o(.text)
    click_N_Double                           0x0800262b   Thumb Code   184  key.o(.text)
    click                                    0x080026e3   Thumb Code    38  key.o(.text)
    Long_Press                               0x08002709   Thumb Code    72  key.o(.text)
    OLED_WR_Byte                             0x08002779   Thumb Code    82  oled.o(.text)
    OLED_Refresh_Gram                        0x080027cb   Thumb Code    70  oled.o(.text)
    OLED_Display_On                          0x08002811   Thumb Code    28  oled.o(.text)
    OLED_Display_Off                         0x0800282d   Thumb Code    28  oled.o(.text)
    OLED_Clear                               0x08002849   Thumb Code    42  oled.o(.text)
    OLED_DrawPoint                           0x08002873   Thumb Code   100  oled.o(.text)
    OLED_ShowChar                            0x080028d7   Thumb Code   158  oled.o(.text)
    oled_pow                                 0x08002975   Thumb Code    22  oled.o(.text)
    OLED_ShowNumber                          0x0800298b   Thumb Code   148  oled.o(.text)
    OLED_ShowString                          0x08002a1f   Thumb Code    68  oled.o(.text)
    OLED_Init                                0x08002a63   Thumb Code   324  oled.o(.text)
    TIM6_Int_Init                            0x08002ba9   Thumb Code    90  timer.o(.text)
    TIM4_Cap_Init                            0x08002c03   Thumb Code   216  timer.o(.text)
    TIM5_Cap_Init                            0x08002cdb   Thumb Code   216  timer.o(.text)
    TIM3_Int_Init                            0x08002db3   Thumb Code    90  timer.o(.text)
    MiniBalance_PWM_Init                     0x08002e29   Thumb Code   192  motor.o(.text)
    Servo_PWM_Init                           0x08002ee9   Thumb Code   144  motor.o(.text)
    PS2_Init                                 0x08002f89   Thumb Code    82  pstwo.o(.text)
    PS2_Cmd                                  0x08002fdb   Thumb Code   128  pstwo.o(.text)
    PS2_RedLight                             0x0800305b   Thumb Code    50  pstwo.o(.text)
    PS2_ReadData                             0x0800308d   Thumb Code   166  pstwo.o(.text)
    PS2_ClearData                            0x08003133   Thumb Code    20  pstwo.o(.text)
    PS2_DataKey                              0x08003147   Thumb Code    70  pstwo.o(.text)
    PS2_AnologData                           0x0800318d   Thumb Code     8  pstwo.o(.text)
    PS2_Vibration                            0x08003195   Thumb Code    90  pstwo.o(.text)
    PS2_ShortPoll                            0x080031ef   Thumb Code    62  pstwo.o(.text)
    PS2_EnterConfing                         0x0800322d   Thumb Code    86  pstwo.o(.text)
    PS2_TurnOnAnalogMode                     0x08003283   Thumb Code    80  pstwo.o(.text)
    PS2_VibrationMode                        0x080032d3   Thumb Code    62  pstwo.o(.text)
    PS2_ExitConfing                          0x08003311   Thumb Code    86  pstwo.o(.text)
    PS2_SetInit                              0x08003367   Thumb Code    70  pstwo.o(.text)
    Encoder_Init_TIM2                        0x080033ad   Thumb Code   200  encoder.o(.text)
    Encoder_Init_TIM3                        0x08003475   Thumb Code   148  encoder.o(.text)
    Read_Encoder                             0x08003509   Thumb Code    56  encoder.o(.text)
    TIM3_IRQHandler                          0x08003541   Thumb Code    24  encoder.o(.text)
    TIM2_IRQHandler                          0x08003559   Thumb Code    24  encoder.o(.text)
    usart1_init                              0x08003581   Thumb Code   152  uart.o(.text)
    USART_TX                                 0x08003619   Thumb Code   578  uart.o(.text)
    USART1_IRQHandler                        0x0800385b   Thumb Code   178  uart.o(.text)
    MPU9250_Write_Reg                        0x0800396d   Thumb Code    48  mpu9250.o(.text)
    MPU9250_Read_Reg                         0x0800399d   Thumb Code    70  mpu9250.o(.text)
    MPU9250_Init                             0x080039e3   Thumb Code    76  mpu9250.o(.text)
    MPU9250_READ_ACCEL                       0x08003a2f   Thumb Code   130  mpu9250.o(.text)
    MPU9250_READ_GYRO                        0x08003ab1   Thumb Code   130  mpu9250.o(.text)
    MPU9250_READ_MAG                         0x08003b33   Thumb Code   162  mpu9250.o(.text)
    readimu                                  0x08003bd5   Thumb Code    12  mpu9250.o(.text)
    Kinematic_Analysis                       0x08003c05   Thumb Code   376  control.o(.text)
    Set_Pwm                                  0x08003d7d   Thumb Code    90  control.o(.text)
    Xianfu_Pwm                               0x08003dd7   Thumb Code    58  control.o(.text)
    Incremental_PI_Right                     0x08003e11   Thumb Code   146  control.o(.text)
    Incremental_PI_Left                      0x08003ea3   Thumb Code   146  control.o(.text)
    Get_RC                                   0x08003f35   Thumb Code   162  control.o(.text)
    Get_commands                             0x08003fd7   Thumb Code   214  control.o(.text)
    TIM6_IRQHandler                          0x080040ad   Thumb Code   334  control.o(.text)
    Key                                      0x080041fb   Thumb Code    78  control.o(.text)
    Turn_Off                                 0x08004249   Thumb Code    50  control.o(.text)
    myabs                                    0x0800427b   Thumb Code    14  control.o(.text)
    oled_show                                0x080042d9   Thumb Code    44  show.o(.text)
    __aeabi_memset                           0x08004319   Thumb Code    14  memseta.o(.text)
    __aeabi_memset4                          0x08004319   Thumb Code     0  memseta.o(.text)
    __aeabi_memset8                          0x08004319   Thumb Code     0  memseta.o(.text)
    __aeabi_memclr                           0x08004327   Thumb Code     4  memseta.o(.text)
    __aeabi_memclr4                          0x08004327   Thumb Code     0  memseta.o(.text)
    __aeabi_memclr8                          0x08004327   Thumb Code     0  memseta.o(.text)
    _memset$wrapper                          0x0800432b   Thumb Code    18  memseta.o(.text)
    __aeabi_fadd                             0x0800433d   Thumb Code   164  fadd.o(.text)
    __aeabi_fsub                             0x080043e1   Thumb Code     6  fadd.o(.text)
    __aeabi_frsub                            0x080043e7   Thumb Code     6  fadd.o(.text)
    __aeabi_fmul                             0x080043ed   Thumb Code   100  fmul.o(.text)
    __aeabi_dadd                             0x08004451   Thumb Code   322  dadd.o(.text)
    __aeabi_dsub                             0x08004593   Thumb Code     6  dadd.o(.text)
    __aeabi_drsub                            0x08004599   Thumb Code     6  dadd.o(.text)
    __aeabi_dmul                             0x0800459f   Thumb Code   228  dmul.o(.text)
    __aeabi_ddiv                             0x08004683   Thumb Code   222  ddiv.o(.text)
    __aeabi_i2f                              0x08004761   Thumb Code    18  fflti.o(.text)
    __aeabi_f2iz                             0x08004773   Thumb Code    50  ffixi.o(.text)
    __aeabi_d2iz                             0x080047a5   Thumb Code    62  dfixi.o(.text)
    __aeabi_f2d                              0x080047e3   Thumb Code    38  f2d.o(.text)
    __aeabi_d2f                              0x08004809   Thumb Code    56  d2f.o(.text)
    __aeabi_cfcmpeq                          0x08004841   Thumb Code     0  cfcmple.o(.text)
    __aeabi_cfcmple                          0x08004841   Thumb Code    20  cfcmple.o(.text)
    __aeabi_cfrcmple                         0x08004855   Thumb Code    20  cfrcmple.o(.text)
    __aeabi_llsl                             0x08004869   Thumb Code    30  llshl.o(.text)
    _ll_shift_l                              0x08004869   Thumb Code     0  llshl.o(.text)
    __aeabi_llsr                             0x08004887   Thumb Code    32  llushr.o(.text)
    _ll_ushift_r                             0x08004887   Thumb Code     0  llushr.o(.text)
    __aeabi_lasr                             0x080048a7   Thumb Code    36  llsshr.o(.text)
    _ll_sshift_r                             0x080048a7   Thumb Code     0  llsshr.o(.text)
    __I$use$fp                               0x080048cb   Thumb Code     0  iusefp.o(.text)
    _float_round                             0x080048cb   Thumb Code    18  fepilogue.o(.text)
    _float_epilogue                          0x080048dd   Thumb Code    92  fepilogue.o(.text)
    _double_round                            0x08004939   Thumb Code    30  depilogue.o(.text)
    _double_epilogue                         0x08004957   Thumb Code   156  depilogue.o(.text)
    __scatterload                            0x080049f5   Thumb Code    28  init.o(.text)
    __scatterload_rt2                        0x080049f5   Thumb Code     0  init.o(.text)
    __ARM_scalbn                             0x08004a19   Thumb Code    46  dscalb.o(.text)
    scalbn                                   0x08004a19   Thumb Code     0  dscalb.o(.text)
    __aeabi_i2d                              0x08004a47   Thumb Code    34  dflti.o(.text)
    __aeabi_ui2d                             0x08004a69   Thumb Code    26  dfltui.o(.text)
    __decompress                             0x08004a83   Thumb Code     0  __dczerorl2.o(.text)
    __decompress1                            0x08004a83   Thumb Code    86  __dczerorl2.o(.text)
    __ARM_fpclassify                         0x08004ad9   Thumb Code    40  fpclassify.o(i.__ARM_fpclassify)
    __ieee754_rem_pio2                       0x08004b01   Thumb Code   828  rred.o(i.__ieee754_rem_pio2)
    __kernel_poly                            0x08004e89   Thumb Code   170  poly.o(i.__kernel_poly)
    __kernel_tan                             0x08004f35   Thumb Code   586  tan_i.o(i.__kernel_tan)
    __mathlib_dbl_infnan                     0x080051b1   Thumb Code     6  dunder.o(i.__mathlib_dbl_infnan)
    __mathlib_dbl_invalid                    0x080051b7   Thumb Code    12  dunder.o(i.__mathlib_dbl_invalid)
    __mathlib_dbl_underflow                  0x080051c5   Thumb Code    10  dunder.o(i.__mathlib_dbl_underflow)
    __scatterload_copy                       0x080051d5   Thumb Code    14  handlers.o(i.__scatterload_copy)
    __scatterload_null                       0x080051e3   Thumb Code     2  handlers.o(i.__scatterload_null)
    __scatterload_zeroinit                   0x080051e5   Thumb Code    14  handlers.o(i.__scatterload_zeroinit)
    __set_errno                              0x080051f5   Thumb Code     6  errno.o(i.__set_errno)
    tan                                      0x08005201   Thumb Code    90  tan.o(i.tan)
    oled_asc2_1206                           0x08005264   Data        1140  oled.o(.constdata)
    oled_asc2_1608                           0x080056d8   Data        1520  oled.o(.constdata)
    Region$$Table$$Base                      0x08005df0   Number         0  anon$$obj.o(Region$$Table)
    Region$$Table$$Limit                     0x08005e10   Number         0  anon$$obj.o(Region$$Table)
    Flag_Left                                0x20000000   Data           1  main.o(.data)
    Flag_Right                               0x20000001   Data           1  main.o(.data)
    Flag_Direction                           0x20000002   Data           1  main.o(.data)
    Flag_Way                                 0x20000003   Data           1  main.o(.data)
    Flag_Next                                0x20000004   Data           1  main.o(.data)
    operationMode                            0x20000005   Data           1  main.o(.data)
    Flag_Stop                                0x20000006   Data           1  main.o(.data)
    Flag_Show                                0x20000007   Data           1  main.o(.data)
    Encoder_Left                             0x20000008   Data           4  main.o(.data)
    Encoder_Right                            0x2000000c   Data           4  main.o(.data)
    Motor_Left                               0x20000010   Data           4  main.o(.data)
    Motor_Right                              0x20000014   Data           4  main.o(.data)
    Target_Left                              0x20000018   Data           4  main.o(.data)
    Target_Right                             0x2000001c   Data           4  main.o(.data)
    Velocity                                 0x20000020   Data           4  main.o(.data)
    Angle                                    0x20000024   Data           4  main.o(.data)
    Servo                                    0x20000028   Data           4  main.o(.data)
    delay_50                                 0x2000002c   Data           1  main.o(.data)
    delay_flag                               0x2000002d   Data           1  main.o(.data)
    Velocity_KP                              0x20000030   Data           4  main.o(.data)
    Velocity_KI                              0x20000034   Data           4  main.o(.data)
    PS2_LX                                   0x20000038   Data           4  main.o(.data)
    PS2_LY                                   0x2000003c   Data           4  main.o(.data)
    PS2_RX                                   0x20000040   Data           4  main.o(.data)
    PS2_RY                                   0x20000044   Data           4  main.o(.data)
    PS2_KEY                                  0x20000048   Data           4  main.o(.data)
    lastPS3Key                               0x2000004c   Data           4  main.o(.data)
    Accel_Key                                0x20000050   Data           4  main.o(.data)
    Remoter_Ch1                              0x20000054   Data           4  main.o(.data)
    Remoter_Ch2                              0x20000058   Data           4  main.o(.data)
    Remoter_Ch3                              0x2000005c   Data           4  main.o(.data)
    Remoter_Ch4                              0x20000060   Data           4  main.o(.data)
    Tand                                     0x20000064   Data           4  main.o(.data)
    SystemCoreClock                          0x20000068   Data           4  system_stm32f10x.o(.data)
    AHBPrescTable                            0x2000006c   Data          16  system_stm32f10x.o(.data)
    Handkey                                  0x200000a6   Data           2  pstwo.o(.data)
    Comd                                     0x200000a8   Data           2  pstwo.o(.data)
    MASK                                     0x200000aa   Data          32  pstwo.o(.data)
    rxbuf                                    0x200000cc   Data           8  uart.o(.data)
    Urxbuf                                   0x200000d4   Data           8  uart.o(.data)
    CAN_ON_Flag                              0x200000dc   Data           1  uart.o(.data)
    Usart_ON_Flag                            0x200000dd   Data           1  uart.o(.data)
    Usart_Flag                               0x200000de   Data           1  uart.o(.data)
    PID_Send                                 0x200000df   Data           1  uart.o(.data)
    txbuf                                    0x200000e0   Data           8  uart.o(.data)
    txbuf2                                   0x200000e8   Data           8  uart.o(.data)
    send_cnt                                 0x200000f0   Data           4  uart.o(.data)
    re_Encoder_Left                          0x200000f4   Data           4  uart.o(.data)
    re_Encoder_Right                         0x200000f8   Data           4  uart.o(.data)
    gyroX                                    0x20000100   Data           2  mpu9250.o(.data)
    gyroY                                    0x20000102   Data           2  mpu9250.o(.data)
    gyroZ                                    0x20000104   Data           2  mpu9250.o(.data)
    accelX                                   0x20000106   Data           2  mpu9250.o(.data)
    accelY                                   0x20000108   Data           2  mpu9250.o(.data)
    accelZ                                   0x2000010a   Data           2  mpu9250.o(.data)
    magX                                     0x2000010c   Data           2  mpu9250.o(.data)
    magY                                     0x2000010e   Data           2  mpu9250.o(.data)
    magZ                                     0x20000110   Data           2  mpu9250.o(.data)
    Flag_Target                              0x20000114   Data           1  control.o(.data)
    Flag_Change                              0x20000115   Data           1  control.o(.data)
    Voltage_Count                            0x20000118   Data           4  control.o(.data)
    Voltage_All                              0x2000011c   Data           4  control.o(.data)
    j                                        0x20000120   Data           4  control.o(.data)
    sum                                      0x20000124   Data           4  control.o(.data)
    mode                                     0x20000128   Data           1  control.o(.data)
    accont                                   0x2000012a   Data           2  control.o(.data)
    LEFT                                     0x2000012c   Data           4  control.o(.data)
    X                                        0x20000130   Data           4  control.o(.data)
    Velocity_L                               0x20000134   Data           4  control.o(.data)
    Velocity_R                               0x20000138   Data           4  control.o(.data)
    Velocity_dream                           0x2000013c   Data           4  control.o(.data)
    time_flag                                0x20000140   Data           4  control.o(.data)
    PWM_LEFT                                 0x20000144   Data           4  control.o(.data)
    PWM_RIGHT                                0x20000148   Data           4  control.o(.data)
    Bias_L                                   0x2000014c   Data           4  control.o(.data)
    Pwm                                      0x20000150   Data           4  control.o(.data)
    Last_bias_L                              0x20000154   Data           4  control.o(.data)
    Bias_R                                   0x20000158   Data           4  control.o(.data)
    Last_bias_R                              0x2000015c   Data           4  control.o(.data)
    OLED_GRAM                                0x20000164   Data        1024  oled.o(.bss)
    Data                                     0x20000564   Data           9  pstwo.o(.bss)
    __initial_sp                             0x200009b0   Data           0  startup_stm32f10x_hd.o(STACK)



==============================================================================

Memory Map of the image

  Image Entry point : 0x08000131

  Load Region LR_IROM1 (Base: 0x08000000, Size: 0x00005f74, Max: 0x00040000, ABSOLUTE, COMPRESSED[0x00005e5c])

    Execution Region ER_IROM1 (Base: 0x08000000, Size: 0x00005e10, Max: 0x00040000, ABSOLUTE)

    Base Addr    Size         Type   Attr      Idx    E Section Name        Object

    0x08000000   0x00000130   Data   RO          225    RESET               startup_stm32f10x_hd.o
    0x08000130   0x00000000   Code   RO          860  * .ARM.Collect$$$$00000000  mc_w.l(entry.o)
    0x08000130   0x00000004   Code   RO          918    .ARM.Collect$$$$00000001  mc_w.l(entry2.o)
    0x08000134   0x00000004   Code   RO          921    .ARM.Collect$$$$00000004  mc_w.l(entry5.o)
    0x08000138   0x00000000   Code   RO          923    .ARM.Collect$$$$00000008  mc_w.l(entry7b.o)
    0x08000138   0x00000000   Code   RO          925    .ARM.Collect$$$$0000000A  mc_w.l(entry8b.o)
    0x08000138   0x00000008   Code   RO          926    .ARM.Collect$$$$0000000B  mc_w.l(entry9a.o)
    0x08000140   0x00000000   Code   RO          928    .ARM.Collect$$$$0000000D  mc_w.l(entry10a.o)
    0x08000140   0x00000000   Code   RO          930    .ARM.Collect$$$$0000000F  mc_w.l(entry11a.o)
    0x08000140   0x00000004   Code   RO          919    .ARM.Collect$$$$00002712  mc_w.l(entry2.o)
    0x08000144   0x0000000c   Code   RO          560    .emb_text           sys_1.o
    0x08000150   0x0000009c   Code   RO            1    .text               main.o
    0x080001ec   0x0000001a   Code   RO          179    .text               stm32f10x_it.o
    0x08000206   0x00000002   PAD
    0x08000208   0x000001e0   Code   RO          194    .text               system_stm32f10x.o
    0x080003e8   0x00000024   Code   RO          226    .text               startup_stm32f10x_hd.o
    0x0800040c   0x000000dc   Code   RO          230    .text               misc.o
    0x080004e8   0x000000c4   Code   RO          280    .text               stm32f10x_bkp.o
    0x080005ac   0x0000035c   Code   RO          400    .text               stm32f10x_gpio.o
    0x08000908   0x000000cc   Code   RO          436    .text               stm32f10x_pwr.o
    0x080009d4   0x000003a4   Code   RO          448    .text               stm32f10x_rcc.o
    0x08000d78   0x00000e1a   Code   RO          498    .text               stm32f10x_tim.o
    0x08001b92   0x00000002   PAD
    0x08001b94   0x00000408   Code   RO          510    .text               stm32f10x_usart.o
    0x08001f9c   0x000000d4   Code   RO          534    .text               delay.o
    0x08002070   0x000002bc   Code   RO          561    .text               sys_1.o
    0x0800232c   0x00000278   Code   RO          576    .text               myiic.o
    0x080025a4   0x00000064   Code   RO          591    .text               led.o
    0x08002608   0x00000170   Code   RO          604    .text               key.o
    0x08002778   0x0000042e   Code   RO          617    .text               oled.o
    0x08002ba6   0x00000002   PAD
    0x08002ba8   0x00000280   Code   RO          636    .text               timer.o
    0x08002e28   0x00000160   Code   RO          651    .text               motor.o
    0x08002f88   0x00000424   Code   RO          678    .text               pstwo.o
    0x080033ac   0x000001d4   Code   RO          697    .text               encoder.o
    0x08003580   0x000003ec   Code   RO          709    .text               uart.o
    0x0800396c   0x00000298   Code   RO          732    .text               mpu9250.o
    0x08003c04   0x000006d4   Code   RO          777    .text               control.o
    0x080042d8   0x00000040   Code   RO          800    .text               show.o
    0x08004318   0x00000024   Code   RO          863    .text               mc_w.l(memseta.o)
    0x0800433c   0x000000b0   Code   RO          865    .text               mf_w.l(fadd.o)
    0x080043ec   0x00000064   Code   RO          867    .text               mf_w.l(fmul.o)
    0x08004450   0x0000014e   Code   RO          871    .text               mf_w.l(dadd.o)
    0x0800459e   0x000000e4   Code   RO          873    .text               mf_w.l(dmul.o)
    0x08004682   0x000000de   Code   RO          875    .text               mf_w.l(ddiv.o)
    0x08004760   0x00000012   Code   RO          877    .text               mf_w.l(fflti.o)
    0x08004772   0x00000032   Code   RO          881    .text               mf_w.l(ffixi.o)
    0x080047a4   0x0000003e   Code   RO          883    .text               mf_w.l(dfixi.o)
    0x080047e2   0x00000026   Code   RO          885    .text               mf_w.l(f2d.o)
    0x08004808   0x00000038   Code   RO          887    .text               mf_w.l(d2f.o)
    0x08004840   0x00000014   Code   RO          889    .text               mf_w.l(cfcmple.o)
    0x08004854   0x00000014   Code   RO          891    .text               mf_w.l(cfrcmple.o)
    0x08004868   0x0000001e   Code   RO          932    .text               mc_w.l(llshl.o)
    0x08004886   0x00000020   Code   RO          934    .text               mc_w.l(llushr.o)
    0x080048a6   0x00000024   Code   RO          936    .text               mc_w.l(llsshr.o)
    0x080048ca   0x00000000   Code   RO          945    .text               mc_w.l(iusefp.o)
    0x080048ca   0x0000006e   Code   RO          946    .text               mf_w.l(fepilogue.o)
    0x08004938   0x000000ba   Code   RO          948    .text               mf_w.l(depilogue.o)
    0x080049f2   0x00000002   PAD
    0x080049f4   0x00000024   Code   RO          954    .text               mc_w.l(init.o)
    0x08004a18   0x0000002e   Code   RO          956    .text               mf_w.l(dscalb.o)
    0x08004a46   0x00000022   Code   RO          958    .text               mf_w.l(dflti.o)
    0x08004a68   0x0000001a   Code   RO          960    .text               mf_w.l(dfltui.o)
    0x08004a82   0x00000056   Code   RO          970    .text               mc_w.l(__dczerorl2.o)
    0x08004ad8   0x00000028   Code   RO          950    i.__ARM_fpclassify  m_ws.l(fpclassify.o)
    0x08004b00   0x00000388   Code   RO          907    i.__ieee754_rem_pio2  m_ws.l(rred.o)
    0x08004e88   0x000000aa   Code   RO          952    i.__kernel_poly     m_ws.l(poly.o)
    0x08004f32   0x00000002   PAD
    0x08004f34   0x0000027c   Code   RO          912    i.__kernel_tan      m_ws.l(tan_i.o)
    0x080051b0   0x00000006   Code   RO          894    i.__mathlib_dbl_infnan  m_ws.l(dunder.o)
    0x080051b6   0x0000000c   Code   RO          896    i.__mathlib_dbl_invalid  m_ws.l(dunder.o)
    0x080051c2   0x00000002   PAD
    0x080051c4   0x00000010   Code   RO          899    i.__mathlib_dbl_underflow  m_ws.l(dunder.o)
    0x080051d4   0x0000000e   Code   RO          964    i.__scatterload_copy  mc_w.l(handlers.o)
    0x080051e2   0x00000002   Code   RO          965    i.__scatterload_null  mc_w.l(handlers.o)
    0x080051e4   0x0000000e   Code   RO          966    i.__scatterload_zeroinit  mc_w.l(handlers.o)
    0x080051f2   0x00000002   PAD
    0x080051f4   0x0000000c   Code   RO          940    i.__set_errno       mc_w.l(errno.o)
    0x08005200   0x00000064   Code   RO          853    i.tan               m_ws.l(tan.o)
    0x08005264   0x00000a64   Data   RO          619    .constdata          oled.o
    0x08005cc8   0x000000c8   Data   RO          909    .constdata          m_ws.l(rred.o)
    0x08005d90   0x00000060   Data   RO          913    .constdata          m_ws.l(tan_i.o)
    0x08005df0   0x00000020   Data   RO          962    Region$$Table       anon$$obj.o


    Execution Region RW_IRAM1 (Base: 0x20000000, Size: 0x000009b0, Max: 0x0000c000, ABSOLUTE, COMPRESSED[0x0000004c])

    Base Addr    Size         Type   Attr      Idx    E Section Name        Object

    0x20000000   0x00000068   Data   RW            2    .data               main.o
    0x20000068   0x00000014   Data   RW          195    .data               system_stm32f10x.o
    0x2000007c   0x00000014   Data   RW          449    .data               stm32f10x_rcc.o
    0x20000090   0x00000004   Data   RW          535    .data               delay.o
    0x20000094   0x00000004   Data   RW          592    .data               led.o
    0x20000098   0x0000000e   Data   RW          605    .data               key.o
    0x200000a6   0x00000024   Data   RW          680    .data               pstwo.o
    0x200000ca   0x00000002   PAD
    0x200000cc   0x00000034   Data   RW          711    .data               uart.o
    0x20000100   0x00000012   Data   RW          733    .data               mpu9250.o
    0x20000112   0x00000002   PAD
    0x20000114   0x0000004c   Data   RW          778    .data               control.o
    0x20000160   0x00000004   Data   RW          941    .data               mc_w.l(errno.o)
    0x20000164   0x00000400   Zero   RW          618    .bss                oled.o
    0x20000564   0x00000009   Zero   RW          679    .bss                pstwo.o
    0x2000056d   0x0000003c   Zero   RW          710    .bss                uart.o
    0x200005a9   0x00000007   PAD
    0x200005b0   0x00000400   Zero   RW          223    STACK               startup_stm32f10x_hd.o


==============================================================================

Image component sizes


      Code (inc. data)   RO Data    RW Data    ZI Data      Debug   Object Name

      1748        218          0         76          0       3973   control.o
         0          0          0          0          0         32   core_cm3.o
       212         18          0          4          0        999   delay.o
       468         16          0          0          0       1547   encoder.o
       368         40          0         14          0       1463   key.o
       100         16          0          4          0        709   led.o
       156         24          0        104          0     252828   main.o
       220         22          0          0          0     206501   misc.o
       352         16          0          0          0       1198   motor.o
       664         36          0         18          0       2172   mpu9250.o
       632         14          0          0          0       1796   myiic.o
      1070         24       2660          0       1024       4611   oled.o
      1060         42          0         36          9       3807   pstwo.o
        64         20          0          0          0        456   show.o
        36          8        304          0       1024        796   startup_stm32f10x_hd.o
       196          8          0          0          0       3456   stm32f10x_bkp.o
       860         38          0          0          0       5693   stm32f10x_gpio.o
        26          0          0          0          0       1158   stm32f10x_it.o
       204         14          0          0          0       1935   stm32f10x_pwr.o
       932         36          0         20          0       8848   stm32f10x_rcc.o
      3610         88          0          0          0      22800   stm32f10x_tim.o
      1032         22          0          0          0       8416   stm32f10x_usart.o
       712         44          0          0          0       2791   sys_1.o
       480         38          0         20          0       1679   system_stm32f10x.o
       640         28          0          0          0       1970   timer.o
      1004         96          0         52         60       2425   uart.o

    ----------------------------------------------------------------------
     16852        926       2996        352       2124     544059   Object Totals
         0          0         32          0          0          0   (incl. Generated)
         6          0          0          4          7          0   (incl. Padding)

    ----------------------------------------------------------------------

      Code (inc. data)   RO Data    RW Data    ZI Data      Debug   Library Member Name

        34          6          0          0          0        204   dunder.o
        40          0          0          0          0         68   fpclassify.o
       170          0          0          0          0         96   poly.o
       904         76        200          0          0        140   rred.o
       100         10          0          0          0         96   tan.o
       636         50         96          0          0        168   tan_i.o
        86          0          0          0          0          0   __dczerorl2.o
         0          0          0          0          0          0   entry.o
         0          0          0          0          0          0   entry10a.o
         0          0          0          0          0          0   entry11a.o
         8          4          0          0          0          0   entry2.o
         4          0          0          0          0          0   entry5.o
         0          0          0          0          0          0   entry7b.o
         0          0          0          0          0          0   entry8b.o
         8          4          0          0          0          0   entry9a.o
        12          6          0          4          0         68   errno.o
        30          0          0          0          0          0   handlers.o
        36          8          0          0          0         68   init.o
         0          0          0          0          0          0   iusefp.o
        30          0          0          0          0         68   llshl.o
        36          0          0          0          0         68   llsshr.o
        32          0          0          0          0         68   llushr.o
        36          0          0          0          0        108   memseta.o
        20          0          0          0          0         68   cfcmple.o
        20          0          0          0          0         68   cfrcmple.o
        56          0          0          0          0         88   d2f.o
       334          0          0          0          0        148   dadd.o
       222          0          0          0          0        100   ddiv.o
       186          0          0          0          0        176   depilogue.o
        62          0          0          0          0         80   dfixi.o
        34          0          0          0          0         76   dflti.o
        26          0          0          0          0         76   dfltui.o
       228          0          0          0          0         96   dmul.o
        46          0          0          0          0         80   dscalb.o
        38          0          0          0          0         68   f2d.o
       176          0          0          0          0        140   fadd.o
       110          0          0          0          0        168   fepilogue.o
        50          0          0          0          0         68   ffixi.o
        18          0          0          0          0         68   fflti.o
       100          0          0          0          0         76   fmul.o

    ----------------------------------------------------------------------
      3936        164        296          4          0       2864   Library Totals
         8          0          0          0          0          0   (incl. Padding)

    ----------------------------------------------------------------------

      Code (inc. data)   RO Data    RW Data    ZI Data      Debug   Library Name

      1884        142        296          0          0        772   m_ws.l
       318         22          0          4          0        448   mc_w.l
      1726          0          0          0          0       1644   mf_w.l

    ----------------------------------------------------------------------
      3936        164        296          4          0       2864   Library Totals

    ----------------------------------------------------------------------

==============================================================================


      Code (inc. data)   RO Data    RW Data    ZI Data      Debug   

     20788       1090       3292        356       2124     543359   Grand Totals
     20788       1090       3292         76       2124     543359   ELF Image Totals (compressed)
     20788       1090       3292         76          0          0   ROM Totals

==============================================================================

    Total RO  Size (Code + RO Data)                24080 (  23.52kB)
    Total RW  Size (RW Data + ZI Data)              2480 (   2.42kB)
    Total ROM Size (Code + RO Data + RW Data)      24156 (  23.59kB)

==============================================================================

